Archive member included to satisfy reference by file (symbol)

C:/ST/STM32CubeIDE_1.18.0/STM32CubeIDE/plugins/com.st.stm32cube.ide.mcu.externaltools.gnu-tools-for-stm32.13.3.rel1.win32_1.0.0.202411081344/tools/bin/../lib/gcc/arm-none-eabi/13.3.1/../../../../arm-none-eabi/lib/thumb/v7e-m/nofp\libc_nano.a(libc_a-atof.o)
                              ./Src/M20071_GPS.o (atof)
C:/ST/STM32CubeIDE_1.18.0/STM32CubeIDE/plugins/com.st.stm32cube.ide.mcu.externaltools.gnu-tools-for-stm32.13.3.rel1.win32_1.0.0.202411081344/tools/bin/../lib/gcc/arm-none-eabi/13.3.1/../../../../arm-none-eabi/lib/thumb/v7e-m/nofp\libc_nano.a(libc_a-atol.o)
                              ./Src/M20071_GPS.o (atol)
C:/ST/STM32CubeIDE_1.18.0/STM32CubeIDE/plugins/com.st.stm32cube.ide.mcu.externaltools.gnu-tools-for-stm32.13.3.rel1.win32_1.0.0.202411081344/tools/bin/../lib/gcc/arm-none-eabi/13.3.1/../../../../arm-none-eabi/lib/thumb/v7e-m/nofp\libc_nano.a(libc_a-exit.o)
                              C:/ST/STM32CubeIDE_1.18.0/STM32CubeIDE/plugins/com.st.stm32cube.ide.mcu.externaltools.gnu-tools-for-stm32.13.3.rel1.win32_1.0.0.202411081344/tools/bin/../lib/gcc/arm-none-eabi/13.3.1/../../../../arm-none-eabi/lib/thumb/v7e-m/nofp/crt0.o (exit)
C:/ST/STM32CubeIDE_1.18.0/STM32CubeIDE/plugins/com.st.stm32cube.ide.mcu.externaltools.gnu-tools-for-stm32.13.3.rel1.win32_1.0.0.202411081344/tools/bin/../lib/gcc/arm-none-eabi/13.3.1/../../../../arm-none-eabi/lib/thumb/v7e-m/nofp\libc_nano.a(libc_a-rand.o)
                              ./Src/main.o (rand)
C:/ST/STM32CubeIDE_1.18.0/STM32CubeIDE/plugins/com.st.stm32cube.ide.mcu.externaltools.gnu-tools-for-stm32.13.3.rel1.win32_1.0.0.202411081344/tools/bin/../lib/gcc/arm-none-eabi/13.3.1/../../../../arm-none-eabi/lib/thumb/v7e-m/nofp\libc_nano.a(libc_a-strtod.o)
                              C:/ST/STM32CubeIDE_1.18.0/STM32CubeIDE/plugins/com.st.stm32cube.ide.mcu.externaltools.gnu-tools-for-stm32.13.3.rel1.win32_1.0.0.202411081344/tools/bin/../lib/gcc/arm-none-eabi/13.3.1/../../../../arm-none-eabi/lib/thumb/v7e-m/nofp\libc_nano.a(libc_a-atof.o) (strtod)
C:/ST/STM32CubeIDE_1.18.0/STM32CubeIDE/plugins/com.st.stm32cube.ide.mcu.externaltools.gnu-tools-for-stm32.13.3.rel1.win32_1.0.0.202411081344/tools/bin/../lib/gcc/arm-none-eabi/13.3.1/../../../../arm-none-eabi/lib/thumb/v7e-m/nofp\libc_nano.a(libc_a-strtol.o)
                              C:/ST/STM32CubeIDE_1.18.0/STM32CubeIDE/plugins/com.st.stm32cube.ide.mcu.externaltools.gnu-tools-for-stm32.13.3.rel1.win32_1.0.0.202411081344/tools/bin/../lib/gcc/arm-none-eabi/13.3.1/../../../../arm-none-eabi/lib/thumb/v7e-m/nofp\libc_nano.a(libc_a-atol.o) (_strtol_r)
C:/ST/STM32CubeIDE_1.18.0/STM32CubeIDE/plugins/com.st.stm32cube.ide.mcu.externaltools.gnu-tools-for-stm32.13.3.rel1.win32_1.0.0.202411081344/tools/bin/../lib/gcc/arm-none-eabi/13.3.1/../../../../arm-none-eabi/lib/thumb/v7e-m/nofp\libc_nano.a(libc_a-strtoul.o)
                              ./Src/M20071_GPS.o (strtoul)
C:/ST/STM32CubeIDE_1.18.0/STM32CubeIDE/plugins/com.st.stm32cube.ide.mcu.externaltools.gnu-tools-for-stm32.13.3.rel1.win32_1.0.0.202411081344/tools/bin/../lib/gcc/arm-none-eabi/13.3.1/../../../../arm-none-eabi/lib/thumb/v7e-m/nofp\libc_nano.a(libc_a-ctype_.o)
                              C:/ST/STM32CubeIDE_1.18.0/STM32CubeIDE/plugins/com.st.stm32cube.ide.mcu.externaltools.gnu-tools-for-stm32.13.3.rel1.win32_1.0.0.202411081344/tools/bin/../lib/gcc/arm-none-eabi/13.3.1/../../../../arm-none-eabi/lib/thumb/v7e-m/nofp\libc_nano.a(libc_a-strtol.o) (_ctype_)
C:/ST/STM32CubeIDE_1.18.0/STM32CubeIDE/plugins/com.st.stm32cube.ide.mcu.externaltools.gnu-tools-for-stm32.13.3.rel1.win32_1.0.0.202411081344/tools/bin/../lib/gcc/arm-none-eabi/13.3.1/../../../../arm-none-eabi/lib/thumb/v7e-m/nofp\libc_nano.a(libc_a-findfp.o)
                              C:/ST/STM32CubeIDE_1.18.0/STM32CubeIDE/plugins/com.st.stm32cube.ide.mcu.externaltools.gnu-tools-for-stm32.13.3.rel1.win32_1.0.0.202411081344/tools/bin/../lib/gcc/arm-none-eabi/13.3.1/../../../../arm-none-eabi/lib/thumb/v7e-m/nofp\libc_nano.a(libc_a-exit.o) (__stdio_exit_handler)
C:/ST/STM32CubeIDE_1.18.0/STM32CubeIDE/plugins/com.st.stm32cube.ide.mcu.externaltools.gnu-tools-for-stm32.13.3.rel1.win32_1.0.0.202411081344/tools/bin/../lib/gcc/arm-none-eabi/13.3.1/../../../../arm-none-eabi/lib/thumb/v7e-m/nofp\libc_nano.a(libc_a-fwalk.o)
                              C:/ST/STM32CubeIDE_1.18.0/STM32CubeIDE/plugins/com.st.stm32cube.ide.mcu.externaltools.gnu-tools-for-stm32.13.3.rel1.win32_1.0.0.202411081344/tools/bin/../lib/gcc/arm-none-eabi/13.3.1/../../../../arm-none-eabi/lib/thumb/v7e-m/nofp\libc_nano.a(libc_a-findfp.o) (_fwalk_sglue)
C:/ST/STM32CubeIDE_1.18.0/STM32CubeIDE/plugins/com.st.stm32cube.ide.mcu.externaltools.gnu-tools-for-stm32.13.3.rel1.win32_1.0.0.202411081344/tools/bin/../lib/gcc/arm-none-eabi/13.3.1/../../../../arm-none-eabi/lib/thumb/v7e-m/nofp\libc_nano.a(libc_a-sprintf.o)
                              ./Src/M20071_GPS.o (sprintf)
[...]
Memory Configuration

Name             Origin             Length             Attributes
RAM              0x20000000         0x00010000         xrw
RAM2             0x10000000         0x00008000         xrw
FLASH            0x08000000         0x00040000         xr
*default*        0x00000000         0xffffffff

Linker script and memory map

LOAD C:/ST/STM32CubeIDE_1.18.0/STM32CubeIDE/plugins/com.st.stm32cube.ide.mcu.externaltools.gnu-tools-for-stm32.13.3.rel1.win32_1.0.0.202411081344/tools/bin/../lib/gcc/arm-none-eabi/13.3.1/thumb/v7e-m/nofp/crti.o
LOAD C:/ST/STM32CubeIDE_1.18.0/STM32CubeIDE/plugins/com.st.stm32cube.ide.mcu.externaltools.gnu-tools-for-stm32.13.3.rel1.win32_1.0.0.202411081344/tools/bin/../lib/gcc/arm-none-eabi/13.3.1/thumb/v7e-m/nofp/crtbegin.o
LOAD C:/ST/STM32CubeIDE_1.18.0/STM32CubeIDE/plugins/com.st.stm32cube.ide.mcu.externaltools.gnu-tools-for-stm32.13.3.rel1.win32_1.0.0.202411081344/tools/bin/../lib/gcc/arm-none-eabi/13.3.1/../../../../arm-none-eabi/lib/thumb/v7e-m/nofp/crt0.o
LOAD ./Src/M20071_GPS.o
LOAD ./Src/lora.o
LOAD ./Src/lsm6dsox_reg.o
LOAD ./Src/main.o
LOAD ./Src/stm32wlxx_hal.o
LOAD ./Src/stm32wlxx_hal_adc.o
LOAD ./Src/stm32wlxx_hal_adc_ex.o
LOAD ./Src/stm32wlxx_hal_comp.o
LOAD ./Src/stm32wlxx_hal_cortex.o
LOAD ./Src/stm32wlxx_hal_crc.o
LOAD ./Src/stm32wlxx_hal_crc_ex.o
LOAD ./Src/stm32wlxx_hal_cryp.o
LOAD ./Src/stm32wlxx_hal_cryp_ex.o
LOAD ./Src/stm32wlxx_hal_dac.o
LOAD ./Src/stm32wlxx_hal_dac_ex.o
LOAD ./Src/stm32wlxx_hal_dma.o
LOAD ./Src/stm32wlxx_hal_dma_ex.o
LOAD ./Src/stm32wlxx_hal_exti.o
LOAD ./Src/stm32wlxx_hal_flash.o
LOAD ./Src/stm32wlxx_hal_flash_ex.o
LOAD ./Src/stm32wlxx_hal_gpio.o
LOAD ./Src/stm32wlxx_hal_gtzc.o
LOAD ./Src/stm32wlxx_hal_hsem.o
LOAD ./Src/stm32wlxx_hal_i2c.o
LOAD ./Src/stm32wlxx_hal_i2c_ex.o
LOAD ./Src/stm32wlxx_hal_i2s.o
LOAD ./Src/stm32wlxx_hal_ipcc.o
LOAD ./Src/stm32wlxx_hal_irda.o
LOAD ./Src/stm32wlxx_hal_iwdg.o
LOAD ./Src/stm32wlxx_hal_lptim.o
LOAD ./Src/stm32wlxx_hal_msp.o
LOAD ./Src/stm32wlxx_hal_pka.o
LOAD ./Src/stm32wlxx_hal_pwr.o
LOAD ./Src/stm32wlxx_hal_pwr_ex.o
LOAD ./Src/stm32wlxx_hal_rcc.o
LOAD ./Src/stm32wlxx_hal_rcc_ex.o
LOAD ./Src/stm32wlxx_hal_rng.o
LOAD ./Src/stm32wlxx_hal_rng_ex.o
LOAD ./Src/stm32wlxx_hal_rtc.o
LOAD ./Src/stm32wlxx_hal_rtc_ex.o
LOAD ./Src/stm32wlxx_hal_smartcard.o
LOAD ./Src/stm32wlxx_hal_smartcard_ex.o
LOAD ./Src/stm32wlxx_hal_smbus.o
LOAD ./Src/stm32wlxx_hal_smbus_ex.o
LOAD ./Src/stm32wlxx_hal_spi.o
LOAD ./Src/stm32wlxx_hal_spi_ex.o
LOAD ./Src/stm32wlxx_hal_subghz.o
LOAD ./Src/stm32wlxx_hal_tim.o
LOAD ./Src/stm32wlxx_hal_tim_ex.o
LOAD ./Src/stm32wlxx_hal_uart.o
LOAD ./Src/stm32wlxx_hal_uart_ex.o
LOAD ./Src/stm32wlxx_hal_usart.o
LOAD ./Src/stm32wlxx_hal_usart_ex.o
LOAD ./Src/stm32wlxx_hal_wwdg.o
LOAD ./Src/stm32wlxx_ll_adc.o
LOAD ./Src/stm32wlxx_ll_comp.o
LOAD ./Src/stm32wlxx_ll_crc.o
LOAD ./Src/stm32wlxx_ll_dac.o
LOAD ./Src/stm32wlxx_ll_dma.o
LOAD ./Src/stm32wlxx_ll_exti.o
LOAD ./Src/stm32wlxx_ll_gpio.o
LOAD ./Src/stm32wlxx_ll_i2c.o
LOAD ./Src/stm32wlxx_ll_lptim.o
LOAD ./Src/stm32wlxx_ll_lpuart.o
LOAD ./Src/stm32wlxx_ll_pka.o
LOAD ./Src/stm32wlxx_ll_pwr.o
LOAD ./Src/stm32wlxx_ll_rcc.o
LOAD ./Src/stm32wlxx_ll_rng.o
LOAD ./Src/stm32wlxx_ll_rtc.o
LOAD ./Src/stm32wlxx_ll_spi.o
LOAD ./Src/stm32wlxx_ll_tim.o
LOAD ./Src/stm32wlxx_ll_usart.o
LOAD ./Src/stm32wlxx_ll_utils.o
LOAD ./Src/syscalls.o
LOAD ./Src/sysmem.o
LOAD ./Src/system_stm32wlxx.o
LOAD ./Startup/startup_stm32wle5jcix.o
LOAD C:/ST/STM32CubeIDE_1.18.0/STM32CubeIDE/plugins/com.st.stm32cube.ide.mcu.externaltools.gnu-tools-for-stm32.13.3.rel1.win32_1.0.0.202411081344/tools/bin/../lib/gcc/arm-none-eabi/13.3.1/../../../../arm-none-eabi/lib/thumb/v7e-m/nofp\libnosys.a
START GROUP
LOAD C:/ST/STM32CubeIDE_1.18.0/STM32CubeIDE/plugins/com.st.stm32cube.ide.mcu.externaltools.gnu-tools-for-stm32.13.3.rel1.win32_1.0.0.202411081344/tools/bin/../lib/gcc/arm-none-eabi/13.3.1/../../../../arm-none-eabi/lib/thumb/v7e-m/nofp\libc_nano.a
LOAD C:/ST/STM32CubeIDE_1.18.0/STM32CubeIDE/plugins/com.st.stm32cube.ide.mcu.externaltools.gnu-tools-for-stm32.13.3.rel1.win32_1.0.0.202411081344/tools/bin/../lib/gcc/arm-none-eabi/13.3.1/../../../../arm-none-eabi/lib/thumb/v7e-m/nofp\libm.a
LOAD C:/ST/STM32CubeIDE_1.18.0/STM32CubeIDE/plugins/com.st.stm32cube.ide.mcu.externaltools.gnu-tools-for-stm32.13.3.rel1.win32_1.0.0.202411081344/tools/bin/../lib/gcc/arm-none-eabi/13.3.1/../../../../arm-none-eabi/lib/thumb/v7e-m/nofp\libstdc++_nano.a
LOAD C:/ST/STM32CubeIDE_1.18.0/STM32CubeIDE/plugins/com.st.stm32cube.ide.mcu.externaltools.gnu-tools-for-stm32.13.3.rel1.win32_1.0.0.202411081344/tools/bin/../lib/gcc/arm-none-eabi/13.3.1/../../../../arm-none-eabi/lib/thumb/v7e-m/nofp\libsupc++_nano.a
END GROUP
LOAD C:/ST/STM32CubeIDE_1.18.0/STM32CubeIDE/plugins/com.st.stm32cube.ide.mcu.externaltools.gnu-tools-for-stm32.13.3.rel1.win32_1.0.0.202411081344/tools/bin/../lib/gcc/arm-none-eabi/13.3.1/../../../../arm-none-eabi/lib/thumb/v7e-m/nofp\libstdc++_nano.a
LOAD C:/ST/STM32CubeIDE_1.18.0/STM32CubeIDE/plugins/com.st.stm32cube.ide.mcu.externaltools.gnu-tools-for-stm32.13.3.rel1.win32_1.0.0.202411081344/tools/bin/../lib/gcc/arm-none-eabi/13.3.1/../../../../arm-none-eabi/lib/thumb/v7e-m/nofp\libm.a
LOAD C:/ST/STM32CubeIDE_1.18.0/STM32CubeIDE/plugins/com.st.stm32cube.ide.mcu.externaltools.gnu-tools-for-stm32.13.3.rel1.win32_1.0.0.202411081344/tools/bin/../lib/gcc/arm-none-eabi/13.3.1/../../../../arm-none-eabi/lib/thumb/v7e-m/nofp\libc_nano.a
START GROUP
LOAD C:/ST/STM32CubeIDE_1.18.0/STM32CubeIDE/plugins/com.st.stm32cube.ide.mcu.externaltools.gnu-tools-for-stm32.13.3.rel1.win32_1.0.0.202411081344/tools/bin/../lib/gcc/arm-none-eabi/13.3.1/thumb/v7e-m/nofp\libgcc.a
LOAD C:/ST/STM32CubeIDE_1.18.0/STM32CubeIDE/plugins/com.st.stm32cube.ide.mcu.externaltools.gnu-tools-for-stm32.13.3.rel1.win32_1.0.0.202411081344/tools/bin/../lib/gcc/arm-none-eabi/13.3.1/../../../../arm-none-eabi/lib/thumb/v7e-m/nofp\libc_nano.a
END GROUP
START GROUP
LOAD C:/ST/STM32CubeIDE_1.18.0/STM32CubeIDE/plugins/com.st.stm32cube.ide.mcu.externaltools.gnu-tools-for-stm32.13.3.rel1.win32_1.0.0.202411081344/tools/bin/../lib/gcc/arm-none-eabi/13.3.1/thumb/v7e-m/nofp\libgcc.a
LOAD C:/ST/STM32CubeIDE_1.18.0/STM32CubeIDE/plugins/com.st.stm32cube.ide.mcu.externaltools.gnu-tools-for-stm32.13.3.rel1.win32_1.0.0.202411081344/tools/bin/../lib/gcc/arm-none-eabi/13.3.1/../../../../arm-none-eabi/lib/thumb/v7e-m/nofp\libc_nano.a
LOAD C:/ST/STM32CubeIDE_1.18.0/STM32CubeIDE/plugins/com.st.stm32cube.ide.mcu.externaltools.gnu-tools-for-stm32.13.3.rel1.win32_1.0.0.202411081344/tools/bin/../lib/gcc/arm-none-eabi/13.3.1/../../../../arm-none-eabi/lib/thumb/v7e-m/nofp\libnosys.a
END GROUP
START GROUP
LOAD C:/ST/STM32CubeIDE_1.18.0/STM32CubeIDE/plugins/com.st.stm32cube.ide.mcu.externaltools.gnu-tools-for-stm32.13.3.rel1.win32_1.0.0.202411081344/tools/bin/../lib/gcc/arm-none-eabi/13.3.1/thumb/v7e-m/nofp\libgcc.a
LOAD C:/ST/STM32CubeIDE_1.18.0/STM32CubeIDE/plugins/com.st.stm32cube.ide.mcu.externaltools.gnu-tools-for-stm32.13.3.rel1.win32_1.0.0.202411081344/tools/bin/../lib/gcc/arm-none-eabi/13.3.1/../../../../arm-none-eabi/lib/thumb/v7e-m/nofp\libc_nano.a
LOAD C:/ST/STM32CubeIDE_1.18.0/STM32CubeIDE/plugins/com.st.stm32cube.ide.mcu.externaltools.gnu-tools-for-stm32.13.3.rel1.win32_1.0.0.202411081344/tools/bin/../lib/gcc/arm-none-eabi/13.3.1/../../../../arm-none-eabi/lib/thumb/v7e-m/nofp\libnosys.a
END GROUP
LOAD C:/ST/STM32CubeIDE_1.18.0/STM32CubeIDE/plugins/com.st.stm32cube.ide.mcu.externaltools.gnu-tools-for-stm32.13.3.rel1.win32_1.0.0.202411081344/tools/bin/../lib/gcc/arm-none-eabi/13.3.1/thumb/v7e-m/nofp/crtend.o
LOAD C:/ST/STM32CubeIDE_1.18.0/STM32CubeIDE/plugins/com.st.stm32cube.ide.mcu.externaltools.gnu-tools-for-stm32.13.3.rel1.win32_1.0.0.202411081344/tools/bin/../lib/gcc/arm-none-eabi/13.3.1/thumb/v7e-m/nofp/crtn.o
                0x20010000                        _estack = (ORIGIN (RAM) + LENGTH (RAM))
                0x00000200                        _Min_Heap_Size = 0x200
                0x00000400                        _Min_Stack_Size = 0x400

.isr_vector     0x08000000      0x13c
                0x08000000                        . = ALIGN (0x4)
 *(.isr_vector)
 .isr_vector    0x08000000      0x13c ./Startup/startup_stm32wle5jcix.o
                0x08000000                g_pfnVectors
                0x0800013c                        . = ALIGN (0x4)

.text           0x08000140     0xb244
                0x08000140                        . = ALIGN (0x4)
 *(.text)
 .text          0x08000140       0x40 C:/ST/STM32CubeIDE_1.18.0/STM32CubeIDE/plugins/com.st.stm32cube.ide.mcu.externaltools.gnu-tools-for-stm32.13.3.rel1.win32_1.0.0.202411081344/tools/bin/../lib/gcc/arm-none-eabi/13.3.1/thumb/v7e-m/nofp/crtbegin.o
 .text          0x08000180       0x10 C:/ST/STM32CubeIDE_1.18.0/STM32CubeIDE/plugins/com.st.stm32cube.ide.mcu.externaltools.gnu-tools-for-stm32.13.3.rel1.win32_1.0.0.202411081344/tools/bin/../lib/gcc/arm-none-eabi/13.3.1/../../../../arm-none-eabi/lib/thumb/v7e-m/nofp\libc_nano.a(libc_a-strlen.o)
                0x08000180                strlen
 .text          0x08000190       0xa0 C:/ST/STM32CubeIDE_1.18.0/STM32CubeIDE/plugins/com.st.stm32cube.ide.mcu.externaltools.gnu-tools-for-stm32.13.3.rel1.win32_1.0.0.202411081344/tools/bin/../lib/gcc/arm-none-eabi/13.3.1/../../../../arm-none-eabi/lib/thumb/v7e-m/nofp\libc_nano.a(libc_a-memchr.o)
                0x08000190                memchr
 .text          0x08000230      0x378 C:/ST/STM32CubeIDE_1.18.0/STM32CubeIDE/plugins/com.st.stm32cube.ide.mcu.externaltools.gnu-tools-for-stm32.13.3.rel1.win32_1.0.0.202411081344/tools/bin/../lib/gcc/arm-none-eabi/13.3.1/thumb/v7e-m/nofp\libgcc.a(_arm_addsubdf3.o)
                0x08000230                __aeabi_drsub
                0x08000238                __aeabi_dsub
                0x08000238                __subdf3
                0x0800023c                __aeabi_dadd
                0x0800023c                __adddf3
                0x080004b4                __floatunsidf
                0x080004b4                __aeabi_ui2d
                0x080004d4                __floatsidf
                0x080004d4                __aeabi_i2d
                0x080004f8                __aeabi_f2d
                0x080004f8                __extendsfdf2
                0x0800053c                __floatundidf
                0x0800053c                __aeabi_ul2d
                0x0800054c                __floatdidf
                0x0800054c                __aeabi_l2d
 .text          0x080005a8      0x424 C:/ST/STM32CubeIDE_1.18.0/STM32CubeIDE/plugins/com.st.stm32cube.ide.mcu.externaltools.gnu-tools-for-stm32.13.3.rel1.win32_1.0.0.202411081344/tools/bin/../lib/gcc/arm-none-eabi/13.3.1/thumb/v7e-m/nofp\libgcc.a(_arm_muldivdf3.o)
                0x080005a8                __aeabi_dmul
                0x080005a8                __muldf3
                0x080007fc                __divdf3
                0x080007fc                __aeabi_ddiv
 .text          0x080009cc      0x110 C:/ST/STM32CubeIDE_1.18.0/STM32CubeIDE/plugins/com.st.stm32cube.ide.mcu.externaltools.gnu-tools-for-stm32.13.3.rel1.win32_1.0.0.202411081344/tools/bin/../lib/gcc/arm-none-eabi/13.3.1/thumb/v7e-m/nofp\libgcc.a(_arm_cmpdf2.o)
                0x080009cc                __gtdf2
                0x080009cc                __gedf2
                0x080009d4                __ltdf2
                0x080009d4                __ledf2
                0x080009dc                __nedf2
                0x080009dc                __eqdf2
                0x080009dc                __cmpdf2
                0x08000a58                __aeabi_cdrcmple
                0x08000a68                __aeabi_cdcmpeq
                0x08000a68                __aeabi_cdcmple
                0x08000a78                __aeabi_dcmpeq
                0x08000a8c                __aeabi_dcmplt
                0x08000aa0                __aeabi_dcmple
                0x08000ab4                __aeabi_dcmpge
                0x08000ac8                __aeabi_dcmpgt
 .text          0x08000adc       0x40 C:/ST/STM32CubeIDE_1.18.0/STM32CubeIDE/plugins/com.st.stm32cube.ide.mcu.externaltools.gnu-tools-for-stm32.13.3.rel1.win32_1.0.0.202411081344/tools/bin/../lib/gcc/arm-none-eabi/13.3.1/thumb/v7e-m/nofp\libgcc.a(_arm_fixunsdfsi.o)
                0x08000adc                __aeabi_d2uiz
                0x08000adc                __fixunsdfsi
 .text          0x08000b1c       0xa0 C:/ST/STM32CubeIDE_1.18.0/STM32CubeIDE/plugins/com.st.stm32cube.ide.mcu.externaltools.gnu-tools-for-stm32.13.3.rel1.win32_1.0.0.202411081344/tools/bin/../lib/gcc/arm-none-eabi/13.3.1/thumb/v7e-m/nofp\libgcc.a(_arm_truncdfsf2.o)
                0x08000b1c                __truncdfsf2
                0x08000b1c                __aeabi_d2f
 .text          0x08000bbc      0x2a0 C:/ST/STM32CubeIDE_1.18.0/STM32CubeIDE/plugins/com.st.stm32cube.ide.mcu.externaltools.gnu-tools-for-stm32.13.3.rel1.win32_1.0.0.202411081344/tools/bin/../lib/gcc/arm-none-eabi/13.3.1/thumb/v7e-m/nofp\libgcc.a(_arm_muldivsf3.o)
                0x08000bbc                __mulsf3
                0x08000bbc                __aeabi_fmul
                0x08000d24                __aeabi_fdiv
                0x08000d24                __divsf3
 .text          0x08000e5c       0x4c C:/ST/STM32CubeIDE_1.18.0/STM32CubeIDE/plugins/com.st.stm32cube.ide.mcu.externaltools.gnu-tools-for-stm32.13.3.rel1.win32_1.0.0.202411081344/tools/bin/../lib/gcc/arm-none-eabi/13.3.1/thumb/v7e-m/nofp\libgcc.a(_arm_fixsfsi.o)
                0x08000e5c                __aeabi_f2iz
                0x08000e5c                __fixsfsi
 .text          0x08000ea8       0x30 C:/ST/STM32CubeIDE_1.18.0/STM32CubeIDE/plugins/com.st.stm32cube.ide.mcu.externaltools.gnu-tools-for-stm32.13.3.rel1.win32_1.0.0.202411081344/tools/bin/../lib/gcc/arm-none-eabi/13.3.1/thumb/v7e-m/nofp\libgcc.a(_fixdfdi.o)
                0x08000ea8                __fixdfdi
                0x08000ea8                __aeabi_d2lz
 .text          0x08000ed8       0x3c C:/ST/STM32CubeIDE_1.18.0/STM32CubeIDE/plugins/com.st.stm32cube.ide.mcu.externaltools.gnu-tools-for-stm32.13.3.rel1.win32_1.0.0.202411081344/tools/bin/../lib/gcc/arm-none-eabi/13.3.1/thumb/v7e-m/nofp\libgcc.a(_fixunsdfdi.o)
                0x08000ed8                __fixunsdfdi
                0x08000ed8                __aeabi_d2ulz
 *(.text*)
 .text.M20071_GPS_Init
                0x08000f14       0x34 ./Src/M20071_GPS.o
                0x08000f14                M20071_GPS_Init
 .text.M20071_GPS_SendCommand
                0x08000f48       0x78 ./Src/M20071_GPS.o
                0x08000f48                M20071_GPS_SendCommand
 .text.addChecksum
                0x08000fc0       0x50 ./Src/M20071_GPS.o
                0x08000fc0                addChecksum
 .text.GPS_powerOn
                0x08001010       0x50 ./Src/M20071_GPS.o
                0x08001010                GPS_powerOn
 .text.GPS_setNMEARate
                0x08001060       0x4c ./Src/M20071_GPS.o
                0x08001060                GPS_setNMEARate
 .text.GPS_enterRTC
                0x080010ac       0x58 ./Src/M20071_GPS.o
                0x080010ac                GPS_enterRTC
 .text.GPS_openIOPort
                0x08001104       0x48 ./Src/M20071_GPS.o
                0x08001104                GPS_openIOPort
 .text.M20071_GPS_Receive
                0x0800114c       0xa4 ./Src/M20071_GPS.o
                0x0800114c                M20071_GPS_Receive
 .text.validateChecksum
                0x080011f0       0x88 ./Src/M20071_GPS.o
                0x080011f0                validateChecksum
 .text.GPS_Parse
                0x08001278       0x7a ./Src/M20071_GPS.o
                0x08001278                GPS_Parse
 *fill*         0x080012f2        0x2 
 .text.GPS_ParseNMEA
                0x080012f4      0x170 ./Src/M20071_GPS.o
                0x080012f4                GPS_ParseNMEA
 .text.isEmpty  0x08001464       0x34 ./Src/M20071_GPS.o
                0x08001464                isEmpty
 .text.parseTime
                0x08001498       0x88 ./Src/M20071_GPS.o
                0x08001498                parseTime
 .text.parseFix
                0x08001520       0x4a ./Src/M20071_GPS.o
                0x08001520                parseFix
 .text.parseLatLon
                0x0800156a       0xdc ./Src/M20071_GPS.o
                0x0800156a                parseLatLon
 *fill*         0x08001646        0x2 
 .text.GPS_FormatData
                0x08001648      0x15c ./Src/M20071_GPS.o
                0x08001648                GPS_FormatData
 .text.lora_init
                0x080017a4       0xe8 ./Src/lora.o
                0x080017a4                lora_init
 .text.lora_send
                0x0800188c       0x64 ./Src/lora.o
                0x0800188c                lora_send
 .text.lora_receive
                0x080018f0       0x78 ./Src/lora.o
                0x080018f0                lora_receive
 .text.lora_waitPacketSent
                0x08001968       0x68 ./Src/lora.o
                0x08001968                lora_waitPacketSent
 .text.lora_waitAvailableTimeout
                0x080019d0       0x50 ./Src/lora.o
                0x080019d0                lora_waitAvailableTimeout
 .text.lora_setFrequency
                0x08001a20       0x8c ./Src/lora.o
                0x08001a20                lora_setFrequency
 .text.lora_setTxPower
                0x08001aac       0x48 ./Src/lora.o
                0x08001aac                lora_setTxPower
 .text.lora_available
                0x08001af4       0x4c ./Src/lora.o
                0x08001af4                lora_available
 .text.lora_setSF
                0x08001b40       0x50 ./Src/lora.o
                0x08001b40                lora_setSF
 .text.lsm6dsox_read_reg
                0x08001b90       0x3c ./Src/lsm6dsox_reg.o
                0x08001b90                lsm6dsox_read_reg
 .text.lsm6dsox_write_reg
                0x08001bcc       0x3c ./Src/lsm6dsox_reg.o
                0x08001bcc                lsm6dsox_write_reg
 .text.bytecpy  0x08001c08       0x28 ./Src/lsm6dsox_reg.o
 .text.lsm6dsox_xl_full_scale_set
                0x08001c30       0x4c ./Src/lsm6dsox_reg.o
                0x08001c30                lsm6dsox_xl_full_scale_set
 .text.lsm6dsox_xl_data_rate_set
                0x08001c7c      0x2e0 ./Src/lsm6dsox_reg.o
                0x08001c7c                lsm6dsox_xl_data_rate_set
 .text.lsm6dsox_gy_full_scale_set
                0x08001f5c       0x4c ./Src/lsm6dsox_reg.o
                0x08001f5c                lsm6dsox_gy_full_scale_set
 .text.lsm6dsox_gy_data_rate_set
                0x08001fa8      0x2e4 ./Src/lsm6dsox_reg.o
                0x08001fa8                lsm6dsox_gy_data_rate_set
 .text.lsm6dsox_mem_bank_set
                0x0800228c       0x4c ./Src/lsm6dsox_reg.o
                0x0800228c                lsm6dsox_mem_bank_set
 .text.lsm6dsox_device_id_get
                0x080022d8       0x22 ./Src/lsm6dsox_reg.o
                0x080022d8                lsm6dsox_device_id_get
 .text.lsm6dsox_reset_set
                0x080022fa       0x4c ./Src/lsm6dsox_reg.o
                0x080022fa                lsm6dsox_reset_set
 .text.lsm6dsox_reset_get
                0x08002346       0x32 ./Src/lsm6dsox_reg.o
                0x08002346                lsm6dsox_reset_get
 .text.lsm6dsox_i3c_disable_set
                0x08002378       0x8c ./Src/lsm6dsox_reg.o
                0x08002378                lsm6dsox_i3c_disable_set
 .text.lsm6dsox_wkup_threshold_set
                0x08002404       0x4c ./Src/lsm6dsox_reg.o
                0x08002404                lsm6dsox_wkup_threshold_set
 .text.lsm6dsox_wkup_dur_set
                0x08002450       0x4c ./Src/lsm6dsox_reg.o
                0x08002450                lsm6dsox_wkup_dur_set
 .text.lsm6dsox_act_mode_set
                0x0800249c       0x4c ./Src/lsm6dsox_reg.o
                0x0800249c                lsm6dsox_act_mode_set
 .text.lsm6dsox_act_sleep_dur_set
                0x080024e8       0x4c ./Src/lsm6dsox_reg.o
                0x080024e8                lsm6dsox_act_sleep_dur_set
 .text.lsm6dsox_fsm_enable_get
                0x08002534       0x42 ./Src/lsm6dsox_reg.o
                0x08002534                lsm6dsox_fsm_enable_get
 *fill*         0x08002576        0x2 
 .text.lsm6dsox_fsm_data_rate_get
                0x08002578       0x90 ./Src/lsm6dsox_reg.o
                0x08002578                lsm6dsox_fsm_data_rate_get
 .text.lsm6dsox_mlc_data_rate_get
                0x08002608       0x90 ./Src/lsm6dsox_reg.o
                0x08002608                lsm6dsox_mlc_data_rate_get
 .text.lsm6dsox_pin_int1_route_set
                0x08002698      0x876 ./Src/lsm6dsox_reg.o
                0x08002698                lsm6dsox_pin_int1_route_set
 .text.lsm6dsox_pin_int1_route_get
                0x08002f0e      0x468 ./Src/lsm6dsox_reg.o
                0x08002f0e                lsm6dsox_pin_int1_route_get
 .text.lsm6dsox_pin_int2_route_get
                0x08003376      0x490 ./Src/lsm6dsox_reg.o
                0x08003376                lsm6dsox_pin_int2_route_get
 .text.lsm6dsox_all_sources_get
                0x08003806      0x672 ./Src/lsm6dsox_reg.o
                0x08003806                lsm6dsox_all_sources_get
 .text.lsm6dsox_embedded_sens_get
                0x08003e78       0xc6 ./Src/lsm6dsox_reg.o
                0x08003e78                lsm6dsox_embedded_sens_get
 .text.LL_RCC_LSE_SetDriveCapability
                0x08003f3e       0x2a ./Src/main.o
 .text.main     0x08003f68      0x16c ./Src/main.o
                0x08003f68                main
 .text.parseMessage
                0x080040d4       0x90 ./Src/main.o
 .text.setGPS   0x08004164       0x42 ./Src/main.o
 *fill*         0x080041a6        0x2 
 .text.getGPS   0x080041a8       0x84 ./Src/main.o
 .text.sendSingleGPS
                0x0800422c       0x54 ./Src/main.o
 .text.sendSleep
                0x08004280       0x34 ./Src/main.o
 .text.sendACK  0x080042b4       0x30 ./Src/main.o
 .text.waitForACK
                0x080042e4       0x46 ./Src/main.o
 .text.getRandomBackoff
                0x0800432a       0x30 ./Src/main.o
 *fill*         0x0800435a        0x2 
 .text.lsm6dsox_activity_init
                0x0800435c       0xf0 ./Src/main.o
 .text.lsm6dsox_get_event
                0x0800444c       0x42 ./Src/main.o
 .text.lsm6dsox_write
                0x0800448e       0x60 ./Src/main.o
 .text.lsm6dsox_read
                0x080044ee       0x6a ./Src/main.o
 .text.lsm6dsox_delay
                0x08004558       0x16 ./Src/main.o
 *fill*         0x0800456e        0x2 
 .text.SystemClock_Config
                0x08004570       0xb4 ./Src/main.o
                0x08004570                SystemClock_Config
 .text.Error_Handler
                0x08004624        0xc ./Src/main.o
                0x08004624                Error_Handler
 .text.HAL_Init
                0x08004630       0x40 ./Src/stm32wlxx_hal.o
                0x08004630                HAL_Init
 .text.HAL_InitTick
                0x08004670       0x74 ./Src/stm32wlxx_hal.o
                0x08004670                HAL_InitTick
 .text.HAL_GetTick
                0x080046e4       0x14 ./Src/stm32wlxx_hal.o
                0x080046e4                HAL_GetTick
 .text.HAL_Delay
                0x080046f8       0x48 ./Src/stm32wlxx_hal.o
                0x080046f8                HAL_Delay
 .text.__NVIC_SetPriorityGrouping
                0x08004740       0x48 ./Src/stm32wlxx_hal_cortex.o
 .text.__NVIC_GetPriorityGrouping
                0x08004788       0x1c ./Src/stm32wlxx_hal_cortex.o
 .text.__NVIC_SetPriority
                0x080047a4       0x54 ./Src/stm32wlxx_hal_cortex.o
 .text.NVIC_EncodePriority
                0x080047f8       0x64 ./Src/stm32wlxx_hal_cortex.o
 .text.SysTick_Config
                0x0800485c       0x44 ./Src/stm32wlxx_hal_cortex.o
 .text.HAL_NVIC_SetPriorityGrouping
                0x080048a0       0x16 ./Src/stm32wlxx_hal_cortex.o
                0x080048a0                HAL_NVIC_SetPriorityGrouping
 .text.HAL_NVIC_SetPriority
                0x080048b6       0x34 ./Src/stm32wlxx_hal_cortex.o
                0x080048b6                HAL_NVIC_SetPriority
 .text.HAL_SYSTICK_Config
                0x080048ea       0x18 ./Src/stm32wlxx_hal_cortex.o
                0x080048ea                HAL_SYSTICK_Config
 *fill*         0x08004902        0x2 
 .text.HAL_GPIO_Init
                0x08004904      0x2c0 ./Src/stm32wlxx_hal_gpio.o
                0x08004904                HAL_GPIO_Init
 .text.HAL_GPIO_WritePin
                0x08004bc4       0x2e ./Src/stm32wlxx_hal_gpio.o
                0x08004bc4                HAL_GPIO_WritePin
 *fill*         0x08004bf2        0x2 
 .text.HAL_I2C_Master_Transmit
                0x08004bf4      0x230 ./Src/stm32wlxx_hal_i2c.o
                0x08004bf4                HAL_I2C_Master_Transmit
 .text.HAL_I2C_Master_Receive
                0x08004e24      0x1ec ./Src/stm32wlxx_hal_i2c.o
                0x08004e24                HAL_I2C_Master_Receive
 .text.I2C_Flush_TXDR
                0x08005010       0x46 ./Src/stm32wlxx_hal_i2c.o
 .text.I2C_WaitOnFlagUntilTimeout
                0x08005056       0xb2 ./Src/stm32wlxx_hal_i2c.o
 .text.I2C_WaitOnTXISFlagUntilTimeout
                0x08005108       0x8e ./Src/stm32wlxx_hal_i2c.o
 .text.I2C_WaitOnSTOPFlagUntilTimeout
                0x08005196       0x86 ./Src/stm32wlxx_hal_i2c.o
 .text.I2C_WaitOnRXNEFlagUntilTimeout
                0x0800521c      0x118 ./Src/stm32wlxx_hal_i2c.o
 .text.I2C_IsErrorOccurred
                0x08005334      0x1c0 ./Src/stm32wlxx_hal_i2c.o
 .text.I2C_TransferConfig
                0x080054f4       0x60 ./Src/stm32wlxx_hal_i2c.o
 .text.LL_RCC_HSE_EnableTcxo
                0x08005554       0x1c ./Src/stm32wlxx_hal_msp.o
 .text.LL_RCC_HSE_Enable
                0x08005570       0x1c ./Src/stm32wlxx_hal_msp.o
 .text.LL_RCC_HSE_IsReady
                0x0800558c       0x22 ./Src/stm32wlxx_hal_msp.o
 .text.LL_AHB2_GRP1_EnableClock
                0x080055ae       0x30 ./Src/stm32wlxx_hal_msp.o
 .text.LL_APB2_GRP1_EnableClock
                0x080055de       0x30 ./Src/stm32wlxx_hal_msp.o
 .text.LL_APB3_GRP1_EnableClock
                0x0800560e       0x30 ./Src/stm32wlxx_hal_msp.o
 .text.HAL_MspInit
                0x0800563e        0xc ./Src/stm32wlxx_hal_msp.o
                0x0800563e                HAL_MspInit
 *fill*         0x0800564a        0x2 
 .text.HAL_UART_MspInit
                0x0800564c       0xa8 ./Src/stm32wlxx_hal_msp.o
                0x0800564c                HAL_UART_MspInit
 .text.HAL_SUBGHZ_MspInit
                0x080056f4       0x2c ./Src/stm32wlxx_hal_msp.o
                0x080056f4                HAL_SUBGHZ_MspInit
 .text.HAL_PWR_EnableBkUpAccess
                0x08005720       0x1c ./Src/stm32wlxx_hal_pwr.o
                0x08005720                HAL_PWR_EnableBkUpAccess
 .text.HAL_PWREx_GetVoltageRange
                0x0800573c       0x18 ./Src/stm32wlxx_hal_pwr_ex.o
                0x0800573c                HAL_PWREx_GetVoltageRange
 .text.LL_PWR_IsEnabledBkUpAccess
                0x08005754       0x24 ./Src/stm32wlxx_hal_rcc.o
 .text.LL_RCC_HSE_EnableTcxo
                0x08005778       0x1c ./Src/stm32wlxx_hal_rcc.o
 .text.LL_RCC_HSE_DisableTcxo
                0x08005794       0x1c ./Src/stm32wlxx_hal_rcc.o
 .text.LL_RCC_HSE_IsEnabledDiv2
                0x080057b0       0x22 ./Src/stm32wlxx_hal_rcc.o
 .text.LL_RCC_HSE_Enable
                0x080057d2       0x1c ./Src/stm32wlxx_hal_rcc.o
 .text.LL_RCC_HSE_Disable
                0x080057ee       0x1c ./Src/stm32wlxx_hal_rcc.o
 .text.LL_RCC_HSE_IsReady
                0x0800580a       0x22 ./Src/stm32wlxx_hal_rcc.o
 .text.LL_RCC_HSI_Enable
                0x0800582c       0x1c ./Src/stm32wlxx_hal_rcc.o
 .text.LL_RCC_HSI_Disable
                0x08005848       0x1c ./Src/stm32wlxx_hal_rcc.o
 .text.LL_RCC_HSI_IsReady
                0x08005864       0x22 ./Src/stm32wlxx_hal_rcc.o
 .text.LL_RCC_HSI_SetCalibTrimming
                0x08005886       0x28 ./Src/stm32wlxx_hal_rcc.o
 .text.LL_RCC_LSE_IsReady
                0x080058ae       0x22 ./Src/stm32wlxx_hal_rcc.o
 .text.LL_RCC_LSI_Enable
                0x080058d0       0x20 ./Src/stm32wlxx_hal_rcc.o
 .text.LL_RCC_LSI_Disable
                0x080058f0       0x20 ./Src/stm32wlxx_hal_rcc.o
 .text.LL_RCC_LSI_IsReady
                0x08005910       0x22 ./Src/stm32wlxx_hal_rcc.o
 .text.LL_RCC_MSI_Enable
                0x08005932       0x1c ./Src/stm32wlxx_hal_rcc.o
 .text.LL_RCC_MSI_Disable
                0x0800594e       0x1c ./Src/stm32wlxx_hal_rcc.o
 .text.LL_RCC_MSI_IsReady
                0x0800596a       0x20 ./Src/stm32wlxx_hal_rcc.o
 .text.LL_RCC_MSI_IsEnabledRangeSelect
                0x0800598a       0x20 ./Src/stm32wlxx_hal_rcc.o
 .text.LL_RCC_MSI_GetRange
                0x080059aa       0x16 ./Src/stm32wlxx_hal_rcc.o
 .text.LL_RCC_MSI_GetRangeAfterStandby
                0x080059c0       0x18 ./Src/stm32wlxx_hal_rcc.o
 .text.LL_RCC_MSI_SetCalibTrimming
                0x080059d8       0x28 ./Src/stm32wlxx_hal_rcc.o
 .text.LL_RCC_SetSysClkSource
                0x08005a00       0x26 ./Src/stm32wlxx_hal_rcc.o
 .text.LL_RCC_GetSysClkSource
                0x08005a26       0x16 ./Src/stm32wlxx_hal_rcc.o
 .text.LL_RCC_SetAHBPrescaler
                0x08005a3c       0x26 ./Src/stm32wlxx_hal_rcc.o
 .text.LL_RCC_SetAHB3Prescaler
                0x08005a62       0x2c ./Src/stm32wlxx_hal_rcc.o
 .text.LL_RCC_SetAPB1Prescaler
                0x08005a8e       0x26 ./Src/stm32wlxx_hal_rcc.o
 .text.LL_RCC_SetAPB2Prescaler
                0x08005ab4       0x26 ./Src/stm32wlxx_hal_rcc.o
 .text.LL_RCC_GetAHBPrescaler
                0x08005ada       0x16 ./Src/stm32wlxx_hal_rcc.o
 .text.LL_RCC_GetAHB3Prescaler
                0x08005af0       0x1a ./Src/stm32wlxx_hal_rcc.o
 .text.LL_RCC_PLL_Enable
                0x08005b0a       0x1c ./Src/stm32wlxx_hal_rcc.o
 .text.LL_RCC_PLL_Disable
                0x08005b26       0x1c ./Src/stm32wlxx_hal_rcc.o
 .text.LL_RCC_PLL_IsReady
                0x08005b42       0x22 ./Src/stm32wlxx_hal_rcc.o
 .text.LL_RCC_PLL_GetN
                0x08005b64       0x18 ./Src/stm32wlxx_hal_rcc.o
 .text.LL_RCC_PLL_GetR
                0x08005b7c       0x16 ./Src/stm32wlxx_hal_rcc.o
 .text.LL_RCC_PLL_GetDivider
                0x08005b92       0x16 ./Src/stm32wlxx_hal_rcc.o
 .text.LL_RCC_PLL_GetMainSource
                0x08005ba8       0x16 ./Src/stm32wlxx_hal_rcc.o
 .text.LL_RCC_IsActiveFlag_HPRE
                0x08005bbe       0x22 ./Src/stm32wlxx_hal_rcc.o
 .text.LL_RCC_IsActiveFlag_SHDHPRE
                0x08005be0       0x24 ./Src/stm32wlxx_hal_rcc.o
 .text.LL_RCC_IsActiveFlag_PPRE1
                0x08005c04       0x22 ./Src/stm32wlxx_hal_rcc.o
 .text.LL_RCC_IsActiveFlag_PPRE2
                0x08005c26       0x22 ./Src/stm32wlxx_hal_rcc.o
 .text.HAL_RCC_OscConfig
                0x08005c48      0x704 ./Src/stm32wlxx_hal_rcc.o
                0x08005c48                HAL_RCC_OscConfig
 .text.HAL_RCC_ClockConfig
                0x0800634c      0x248 ./Src/stm32wlxx_hal_rcc.o
                0x0800634c                HAL_RCC_ClockConfig
 .text.HAL_RCC_GetSysClockFreq
                0x08006594      0x140 ./Src/stm32wlxx_hal_rcc.o
                0x08006594                HAL_RCC_GetSysClockFreq
 .text.HAL_RCC_GetHCLKFreq
                0x080066d4       0x28 ./Src/stm32wlxx_hal_rcc.o
                0x080066d4                HAL_RCC_GetHCLKFreq
 .text.RCC_SetFlashLatencyFromMSIRange
                0x080066fc       0x60 ./Src/stm32wlxx_hal_rcc.o
 .text.RCC_SetFlashLatency
                0x0800675c      0x104 ./Src/stm32wlxx_hal_rcc.o
 .text.LL_RCC_LSE_IsReady
                0x08006860       0x22 ./Src/stm32wlxx_hal_rcc_ex.o
 .text.LL_RCC_SetUSARTClockSource
                0x08006882       0x30 ./Src/stm32wlxx_hal_rcc_ex.o
 .text.LL_RCC_SetI2SClockSource
                0x080068b2       0x2a ./Src/stm32wlxx_hal_rcc_ex.o
 .text.LL_RCC_SetLPUARTClockSource
                0x080068dc       0x2a ./Src/stm32wlxx_hal_rcc_ex.o
 .text.LL_RCC_SetI2CClockSource
                0x08006906       0x38 ./Src/stm32wlxx_hal_rcc_ex.o
 .text.LL_RCC_SetLPTIMClockSource
                0x0800693e       0x32 ./Src/stm32wlxx_hal_rcc_ex.o
 .text.LL_RCC_SetRNGClockSource
                0x08006970       0x2a ./Src/stm32wlxx_hal_rcc_ex.o
 .text.LL_RCC_SetADCClockSource
                0x0800699a       0x2a ./Src/stm32wlxx_hal_rcc_ex.o
 .text.LL_RCC_SetRTCClockSource
                0x080069c4       0x2a ./Src/stm32wlxx_hal_rcc_ex.o
 .text.LL_RCC_GetRTCClockSource
                0x080069ee       0x18 ./Src/stm32wlxx_hal_rcc_ex.o
 .text.LL_RCC_ForceBackupDomainReset
                0x08006a06       0x20 ./Src/stm32wlxx_hal_rcc_ex.o
 .text.LL_RCC_ReleaseBackupDomainReset
                0x08006a26       0x20 ./Src/stm32wlxx_hal_rcc_ex.o
 *fill*         0x08006a46        0x2 
 .text.HAL_RCCEx_PeriphCLKConfig
                0x08006a48      0x234 ./Src/stm32wlxx_hal_rcc_ex.o
                0x08006a48                HAL_RCCEx_PeriphCLKConfig
 .text.LL_PWR_SetRadioBusyTrigger
                0x08006c7c       0x28 ./Src/stm32wlxx_hal_subghz.o
 .text.LL_PWR_UnselectSUBGHZSPI_NSS
                0x08006ca4       0x20 ./Src/stm32wlxx_hal_subghz.o
 .text.LL_PWR_SelectSUBGHZSPI_NSS
                0x08006cc4       0x20 ./Src/stm32wlxx_hal_subghz.o
 .text.LL_PWR_ClearFlag_RFBUSY
                0x08006ce4       0x18 ./Src/stm32wlxx_hal_subghz.o
 .text.LL_PWR_IsActiveFlag_RFBUSYS
                0x08006cfc       0x24 ./Src/stm32wlxx_hal_subghz.o
 .text.LL_PWR_IsActiveFlag_RFBUSYMS
                0x08006d20       0x24 ./Src/stm32wlxx_hal_subghz.o
 .text.LL_RCC_RF_DisableReset
                0x08006d44       0x20 ./Src/stm32wlxx_hal_subghz.o
 .text.LL_RCC_IsRFUnderReset
                0x08006d64       0x24 ./Src/stm32wlxx_hal_subghz.o
 .text.LL_EXTI_EnableIT_32_63
                0x08006d88       0x28 ./Src/stm32wlxx_hal_subghz.o
 .text.HAL_SUBGHZ_Init
                0x08006db0       0xc8 ./Src/stm32wlxx_hal_subghz.o
                0x08006db0                HAL_SUBGHZ_Init
 .text.HAL_SUBGHZ_ExecSetCmd
                0x08006e78       0xbe ./Src/stm32wlxx_hal_subghz.o
                0x08006e78                HAL_SUBGHZ_ExecSetCmd
 .text.HAL_SUBGHZ_ExecGetCmd
                0x08006f36       0xa8 ./Src/stm32wlxx_hal_subghz.o
                0x08006f36                HAL_SUBGHZ_ExecGetCmd
 .text.HAL_SUBGHZ_WriteBuffer
                0x08006fde       0xa6 ./Src/stm32wlxx_hal_subghz.o
                0x08006fde                HAL_SUBGHZ_WriteBuffer
 .text.HAL_SUBGHZ_ReadBuffer
                0x08007084       0xb0 ./Src/stm32wlxx_hal_subghz.o
                0x08007084                HAL_SUBGHZ_ReadBuffer
 .text.SUBGHZSPI_Init
                0x08007134       0x40 ./Src/stm32wlxx_hal_subghz.o
                0x08007134                SUBGHZSPI_Init
 .text.SUBGHZSPI_Transmit
                0x08007174       0xac ./Src/stm32wlxx_hal_subghz.o
                0x08007174                SUBGHZSPI_Transmit
 .text.SUBGHZSPI_Receive
                0x08007220       0xb0 ./Src/stm32wlxx_hal_subghz.o
                0x08007220                SUBGHZSPI_Receive
 .text.SUBGHZ_CheckDeviceReady
                0x080072d0       0x48 ./Src/stm32wlxx_hal_subghz.o
                0x080072d0                SUBGHZ_CheckDeviceReady
 .text.SUBGHZ_WaitOnBusy
                0x08007318       0x5c ./Src/stm32wlxx_hal_subghz.o
                0x08007318                SUBGHZ_WaitOnBusy
 .text.HAL_UART_Transmit
                0x08007374      0x10c ./Src/stm32wlxx_hal_uart.o
                0x08007374                HAL_UART_Transmit
 .text.HAL_UART_Receive
                0x08007480      0x188 ./Src/stm32wlxx_hal_uart.o
                0x08007480                HAL_UART_Receive
 .text.UART_WaitOnFlagUntilTimeout
                0x08007608      0x19c ./Src/stm32wlxx_hal_uart.o
                0x08007608                UART_WaitOnFlagUntilTimeout
 .text._getpid  0x080077a4        0xe ./Src/syscalls.o
                0x080077a4                _getpid
 .text._kill    0x080077b2       0x20 ./Src/syscalls.o
                0x080077b2                _kill
 .text._exit    0x080077d2       0x16 ./Src/syscalls.o
                0x080077d2                _exit
 .text._read    0x080077e8       0x3a ./Src/syscalls.o
                0x080077e8                _read
 .text._write   0x08007822       0x38 ./Src/syscalls.o
                0x08007822                _write
 .text._close   0x0800785a       0x16 ./Src/syscalls.o
                0x0800785a                _close
 .text._fstat   0x08007870       0x1e ./Src/syscalls.o
                0x08007870                _fstat
 .text._isatty  0x0800788e       0x14 ./Src/syscalls.o
                0x0800788e                _isatty
 .text._lseek   0x080078a2       0x18 ./Src/syscalls.o
                0x080078a2                _lseek
 *fill*         0x080078ba        0x2 
 .text._sbrk    0x080078bc       0x6c ./Src/sysmem.o
                0x080078bc                _sbrk
 .text.SystemInit
                0x08007928        0xc ./Src/system_stm32wlxx.o
                0x08007928                SystemInit
 .text.Reset_Handler
                0x08007934       0x50 ./Startup/startup_stm32wle5jcix.o
                0x08007934                Reset_Handler
 .text.Default_Handler
                0x08007984        0x2 ./Startup/startup_stm32wle5jcix.o
                0x08007984                EXTI2_IRQHandler
                0x08007984                DebugMon_Handler
                0x08007984                DMA1_CH4_IRQHandler
                0x08007984                TIM1_CC_IRQHandler
                0x08007984                HardFault_Handler
                0x08007984                SysTick_Handler
                0x08007984                PendSV_Handler
                0x08007984                NMI_Handler
                0x08007984                EXTI3_IRQHandler
                0x08007984                True_RNG_IRQHandler
                0x08007984                LPTIM2_IRQHandler
                0x08007984                PVD_PVM_3_IRQHandler
                0x08007984                I2C3_ER_IRQHandler
                0x08007984                LPTIM3_IRQHandler
                0x08007984                EXTI0_IRQHandler
                0x08007984                I2C2_EV_IRQHandler
                0x08007984                DMA2_CH1_IRQHandler
                0x08007984                DMA2_CH7_IRQHandler
                0x08007984                UsageFault_Handler
                0x08007984                SPI1_IRQHandler
                0x08007984                DMA1_CH7_IRQHandler
                0x08007984                RTC_ALARM_IRQHandler
                0x08007984                PKA_IRQHandler
                0x08007984                DMA1_CH6_IRQHandler
                0x08007984                TIM17_IRQHandler
                0x08007984                SUBGHZSPI_IRQHandler
                0x08007984                I2C1_EV_IRQHandler
                0x08007984                DMA2_CH5_IRQHandler
                0x08007984                SUBGHZ_Radio_IRQHandler
                0x08007984                DMAMUX1_OVR_IRQHandler
                0x08007984                TIM16_IRQHandler
                0x08007984                DMA1_CH3_IRQHandler
                0x08007984                RCC_IRQHandler
                0x08007984                TIM1_TRG_COM_IRQHandler
                0x08007984                Default_Handler
                0x08007984                EXTI15_10_IRQHandler
                0x08007984                ADC_IRQHandler
                0x08007984                I2C3_EV_IRQHandler
                0x08007984                EXTI9_5_IRQHandler
                0x08007984                DMA1_CH2_IRQHandler
                0x08007984                RTC_WKUP_IRQHandler
                0x08007984                DMA1_CH1_IRQHandler
                0x08007984                MemManage_Handler
                0x08007984                SVC_Handler
                0x08007984                EXTI4_IRQHandler
                0x08007984                COMP_IRQHandler
                0x08007984                HSEM_IRQHandler
                0x08007984                SPI2S2_IRQHandler
                0x08007984                TIM1_UP_IRQHandler
                0x08007984                WWDG_IRQHandler
                0x08007984                LPUART1_IRQHandler
                0x08007984                TIM2_IRQHandler
                0x08007984                TIM1_BRK_IRQHandler
                0x08007984                DAC_IRQHandler
                0x08007984                EXTI1_IRQHandler
                0x08007984                TAMP_RTCSTAMP_LSECSS_RTCSSRU_IRQHandler
                0x08007984                AES_IRQHandler
                0x08007984                USART2_IRQHandler
                0x08007984                I2C2_ER_IRQHandler
                0x08007984                Radio_IRQ_Busy_IRQHandler
                0x08007984                FLASH_IRQHandler
                0x08007984                BusFault_Handler
                0x08007984                USART1_IRQHandler
                0x08007984                DMA2_CH6_IRQHandler
                0x08007984                DMA2_CH3_IRQHandler
                0x08007984                DMA2_CH2_IRQHandler
                0x08007984                I2C1_ER_IRQHandler
                0x08007984                DMA1_CH5_IRQHandler
                0x08007984                DMA2_CH4_IRQHandler
                0x08007984                LPTIM1_IRQHandler
 .text.atof     0x08007986        0x6 C:/ST/STM32CubeIDE_1.18.0/STM32CubeIDE/plugins/com.st.stm32cube.ide.mcu.externaltools.gnu-tools-for-stm32.13.3.rel1.win32_1.0.0.202411081344/tools/bin/../lib/gcc/arm-none-eabi/13.3.1/../../../../arm-none-eabi/lib/thumb/v7e-m/nofp\libc_nano.a(libc_a-atof.o)
                0x08007986                atof
 .text.atol     0x0800798c        0x8 C:/ST/STM32CubeIDE_1.18.0/STM32CubeIDE/plugins/com.st.stm32cube.ide.mcu.externaltools.gnu-tools-for-stm32.13.3.rel1.win32_1.0.0.202411081344/tools/bin/../lib/gcc/arm-none-eabi/13.3.1/../../../../arm-none-eabi/lib/thumb/v7e-m/nofp\libc_nano.a(libc_a-atol.o)
                0x0800798c                atol
 .text.rand     0x08007994       0x7c C:/ST/STM32CubeIDE_1.18.0/STM32CubeIDE/plugins/com.st.stm32cube.ide.mcu.externaltools.gnu-tools-for-stm32.13.3.rel1.win32_1.0.0.202411081344/tools/bin/../lib/gcc/arm-none-eabi/13.3.1/../../../../arm-none-eabi/lib/thumb/v7e-m/nofp\libc_nano.a(libc_a-rand.o)
                0x08007994                rand
 .text.sulp     0x08007a10       0x42 C:/ST/STM32CubeIDE_1.18.0/STM32CubeIDE/plugins/com.st.stm32cube.ide.mcu.externaltools.gnu-tools-for-stm32.13.3.rel1.win32_1.0.0.202411081344/tools/bin/../lib/gcc/arm-none-eabi/13.3.1/../../../../arm-none-eabi/lib/thumb/v7e-m/nofp\libc_nano.a(libc_a-strtod.o)
 *fill*         0x08007a52        0x6 
 .text._strtod_l
                0x08007a58      0xba8 C:/ST/STM32CubeIDE_1.18.0/STM32CubeIDE/plugins/com.st.stm32cube.ide.mcu.externaltools.gnu-tools-for-stm32.13.3.rel1.win32_1.0.0.202411081344/tools/bin/../lib/gcc/arm-none-eabi/13.3.1/../../../../arm-none-eabi/lib/thumb/v7e-m/nofp\libc_nano.a(libc_a-strtod.o)
                0x08007a58                _strtod_l
 .text.strtod   0x08008600       0x18 C:/ST/STM32CubeIDE_1.18.0/STM32CubeIDE/plugins/com.st.stm32cube.ide.mcu.externaltools.gnu-tools-for-stm32.13.3.rel1.win32_1.0.0.202411081344/tools/bin/../lib/gcc/arm-none-eabi/13.3.1/../../../../arm-none-eabi/lib/thumb/v7e-m/nofp\libc_nano.a(libc_a-strtod.o)
                0x08008600                strtod
 .text._strtol_l.isra.0
                0x08008618       0xf4 C:/ST/STM32CubeIDE_1.18.0/STM32CubeIDE/plugins/com.st.stm32cube.ide.mcu.externaltools.gnu-tools-for-stm32.13.3.rel1.win32_1.0.0.202411081344/tools/bin/../lib/gcc/arm-none-eabi/13.3.1/../../../../arm-none-eabi/lib/thumb/v7e-m/nofp\libc_nano.a(libc_a-strtol.o)
 .text._strtol_r
                0x0800870c        0x4 C:/ST/STM32CubeIDE_1.18.0/STM32CubeIDE/plugins/com.st.stm32cube.ide.mcu.externaltools.gnu-tools-for-stm32.13.3.rel1.win32_1.0.0.202411081344/tools/bin/../lib/gcc/arm-none-eabi/13.3.1/../../../../arm-none-eabi/lib/thumb/v7e-m/nofp\libc_nano.a(libc_a-strtol.o)
                0x0800870c                _strtol_r
 .text.strtol   0x08008710       0x14 C:/ST/STM32CubeIDE_1.18.0/STM32CubeIDE/plugins/com.st.stm32cube.ide.mcu.externaltools.gnu-tools-for-stm32.13.3.rel1.win32_1.0.0.202411081344/tools/bin/../lib/gcc/arm-none-eabi/13.3.1/../../../../arm-none-eabi/lib/thumb/v7e-m/nofp\libc_nano.a(libc_a-strtol.o)
                0x08008710                strtol
 .text._strtoul_l.isra.0
                0x08008724       0xdc C:/ST/STM32CubeIDE_1.18.0/STM32CubeIDE/plugins/com.st.stm32cube.ide.mcu.externaltools.gnu-tools-for-stm32.13.3.rel1.win32_1.0.0.202411081344/tools/bin/../lib/gcc/arm-none-eabi/13.3.1/../../../../arm-none-eabi/lib/thumb/v7e-m/nofp\libc_nano.a(libc_a-strtoul.o)
 .text._strtoul_r
                0x08008800        0x4 C:/ST/STM32CubeIDE_1.18.0/STM32CubeIDE/plugins/com.st.stm32cube.ide.mcu.externaltools.gnu-tools-for-stm32.13.3.rel1.win32_1.0.0.202411081344/tools/bin/../lib/gcc/arm-none-eabi/13.3.1/../../../../arm-none-eabi/lib/thumb/v7e-m/nofp\libc_nano.a(libc_a-strtoul.o)
                0x08008800                _strtoul_r
 .text.strtoul  0x08008804       0x14 C:/ST/STM32CubeIDE_1.18.0/STM32CubeIDE/plugins/com.st.stm32cube.ide.mcu.externaltools.gnu-tools-for-stm32.13.3.rel1.win32_1.0.0.202411081344/tools/bin/../lib/gcc/arm-none-eabi/13.3.1/../../../../arm-none-eabi/lib/thumb/v7e-m/nofp\libc_nano.a(libc_a-strtoul.o)
                0x08008804                strtoul
 .text.std      0x08008818       0x6c C:/ST/STM32CubeIDE_1.18.0/STM32CubeIDE/plugins/com.st.stm32cube.ide.mcu.externaltools.gnu-tools-for-stm32.13.3.rel1.win32_1.0.0.202411081344/tools/bin/../lib/gcc/arm-none-eabi/13.3.1/../../../../arm-none-eabi/lib/thumb/v7e-m/nofp\libc_nano.a(libc_a-findfp.o)
 .text.stdio_exit_handler
                0x08008884       0x18 C:/ST/STM32CubeIDE_1.18.0/STM32CubeIDE/plugins/com.st.stm32cube.ide.mcu.externaltools.gnu-tools-for-stm32.13.3.rel1.win32_1.0.0.202411081344/tools/bin/../lib/gcc/arm-none-eabi/13.3.1/../../../../arm-none-eabi/lib/thumb/v7e-m/nofp\libc_nano.a(libc_a-findfp.o)
 .text.cleanup_stdio
                0x0800889c       0x40 C:/ST/STM32CubeIDE_1.18.0/STM32CubeIDE/plugins/com.st.stm32cube.ide.mcu.externaltools.gnu-tools-for-stm32.13.3.rel1.win32_1.0.0.202411081344/tools/bin/../lib/gcc/arm-none-eabi/13.3.1/../../../../arm-none-eabi/lib/thumb/v7e-m/nofp\libc_nano.a(libc_a-findfp.o)
 .text.global_stdio_init.part.0
                0x080088dc       0x3c C:/ST/STM32CubeIDE_1.18.0/STM32CubeIDE/plugins/com.st.stm32cube.ide.mcu.externaltools.gnu-tools-for-stm32.13.3.rel1.win32_1.0.0.202411081344/tools/bin/../lib/gcc/arm-none-eabi/13.3.1/../../../../arm-none-eabi/lib/thumb/v7e-m/nofp\libc_nano.a(libc_a-findfp.o)
 .text.__sfp_lock_acquire
                0x08008918        0xc C:/ST/STM32CubeIDE_1.18.0/STM32CubeIDE/plugins/com.st.stm32cube.ide.mcu.externaltools.gnu-tools-for-stm32.13.3.rel1.win32_1.0.0.202411081344/tools/bin/../lib/gcc/arm-none-eabi/13.3.1/../../../../arm-none-eabi/lib/thumb/v7e-m/nofp\libc_nano.a(libc_a-findfp.o)
                0x08008918                __sfp_lock_acquire
 .text.__sfp_lock_release
                0x08008924        0xc C:/ST/STM32CubeIDE_1.18.0/STM32CubeIDE/plugins/com.st.stm32cube.ide.mcu.externaltools.gnu-tools-for-stm32.13.3.rel1.win32_1.0.0.202411081344/tools/bin/../lib/gcc/arm-none-eabi/13.3.1/../../../../arm-none-eabi/lib/thumb/v7e-m/nofp\libc_nano.a(libc_a-findfp.o)
                0x08008924                __sfp_lock_release
 .text.__sinit  0x08008930       0x30 C:/ST/STM32CubeIDE_1.18.0/STM32CubeIDE/plugins/com.st.stm32cube.ide.mcu.externaltools.gnu-tools-for-stm32.13.3.rel1.win32_1.0.0.202411081344/tools/bin/../lib/gcc/arm-none-eabi/13.3.1/../../../../arm-none-eabi/lib/thumb/v7e-m/nofp\libc_nano.a(libc_a-findfp.o)
                0x08008930                __sinit
 .text._fwalk_sglue
                0x08008960       0x3c C:/ST/STM32CubeIDE_1.18.0/STM32CubeIDE/plugins/com.st.stm32cube.ide.mcu.externaltools.gnu-tools-for-stm32.13.3.rel1.win32_1.0.0.202411081344/tools/bin/../lib/gcc/arm-none-eabi/13.3.1/../../../../arm-none-eabi/lib/thumb/v7e-m/nofp\libc_nano.a(libc_a-fwalk.o)
                0x08008960                _fwalk_sglue
 .text.sprintf  0x0800899c       0x44 C:/ST/STM32CubeIDE_1.18.0/STM32CubeIDE/plugins/com.st.stm32cube.ide.mcu.externaltools.gnu-tools-for-stm32.13.3.rel1.win32_1.0.0.202411081344/tools/bin/../lib/gcc/arm-none-eabi/13.3.1/../../../../arm-none-eabi/lib/thumb/v7e-m/nofp\libc_nano.a(libc_a-sprintf.o)
                0x0800899c                siprintf
                0x0800899c                sprintf
 .text.sscanf   0x080089e0       0x58 C:/ST/STM32CubeIDE_1.18.0/STM32CubeIDE/plugins/com.st.stm32cube.ide.mcu.externaltools.gnu-tools-for-stm32.13.3.rel1.win32_1.0.0.202411081344/tools/bin/../lib/gcc/arm-none-eabi/13.3.1/../../../../arm-none-eabi/lib/thumb/v7e-m/nofp\libc_nano.a(libc_a-sscanf.o)
                0x080089e0                siscanf
                0x080089e0                sscanf
 .text.__sread  0x08008a38       0x22 C:/ST/STM32CubeIDE_1.18.0/STM32CubeIDE/plugins/com.st.stm32cube.ide.mcu.externaltools.gnu-tools-for-stm32.13.3.rel1.win32_1.0.0.202411081344/tools/bin/../lib/gcc/arm-none-eabi/13.3.1/../../../../arm-none-eabi/lib/thumb/v7e-m/nofp\libc_nano.a(libc_a-stdio.o)
                0x08008a38                __sread
 .text.__seofread
                0x08008a5a        0x4 C:/ST/STM32CubeIDE_1.18.0/STM32CubeIDE/plugins/com.st.stm32cube.ide.mcu.externaltools.gnu-tools-for-stm32.13.3.rel1.win32_1.0.0.202411081344/tools/bin/../lib/gcc/arm-none-eabi/13.3.1/../../../../arm-none-eabi/lib/thumb/v7e-m/nofp\libc_nano.a(libc_a-stdio.o)
                0x08008a5a                __seofread
 .text.__swrite
                0x08008a5e       0x38 C:/ST/STM32CubeIDE_1.18.0/STM32CubeIDE/plugins/com.st.stm32cube.ide.mcu.externaltools.gnu-tools-for-stm32.13.3.rel1.win32_1.0.0.202411081344/tools/bin/../lib/gcc/arm-none-eabi/13.3.1/../../../../arm-none-eabi/lib/thumb/v7e-m/nofp\libc_nano.a(libc_a-stdio.o)
                0x08008a5e                __swrite
 .text.__sseek  0x08008a96       0x24 C:/ST/STM32CubeIDE_1.18.0/STM32CubeIDE/plugins/com.st.stm32cube.ide.mcu.externaltools.gnu-tools-for-stm32.13.3.rel1.win32_1.0.0.202411081344/tools/bin/../lib/gcc/arm-none-eabi/13.3.1/../../../../arm-none-eabi/lib/thumb/v7e-m/nofp\libc_nano.a(libc_a-stdio.o)
                0x08008a96                __sseek
 .text.__sclose
                0x08008aba        0x8 C:/ST/STM32CubeIDE_1.18.0/STM32CubeIDE/plugins/com.st.stm32cube.ide.mcu.externaltools.gnu-tools-for-stm32.13.3.rel1.win32_1.0.0.202411081344/tools/bin/../lib/gcc/arm-none-eabi/13.3.1/../../../../arm-none-eabi/lib/thumb/v7e-m/nofp\libc_nano.a(libc_a-stdio.o)
                0x08008aba                __sclose
 .text.memset   0x08008ac2       0x10 C:/ST/STM32CubeIDE_1.18.0/STM32CubeIDE/plugins/com.st.stm32cube.ide.mcu.externaltools.gnu-tools-for-stm32.13.3.rel1.win32_1.0.0.202411081344/tools/bin/../lib/gcc/arm-none-eabi/13.3.1/../../../../arm-none-eabi/lib/thumb/v7e-m/nofp\libc_nano.a(libc_a-memset.o)
                0x08008ac2                memset
 .text.strchr   0x08008ad2       0x1a C:/ST/STM32CubeIDE_1.18.0/STM32CubeIDE/plugins/com.st.stm32cube.ide.mcu.externaltools.gnu-tools-for-stm32.13.3.rel1.win32_1.0.0.202411081344/tools/bin/../lib/gcc/arm-none-eabi/13.3.1/../../../../arm-none-eabi/lib/thumb/v7e-m/nofp\libc_nano.a(libc_a-strchr.o)
                0x08008ad2                strchr
 .text.strncmp  0x08008aec       0x24 C:/ST/STM32CubeIDE_1.18.0/STM32CubeIDE/plugins/com.st.stm32cube.ide.mcu.externaltools.gnu-tools-for-stm32.13.3.rel1.win32_1.0.0.202411081344/tools/bin/../lib/gcc/arm-none-eabi/13.3.1/../../../../arm-none-eabi/lib/thumb/v7e-m/nofp\libc_nano.a(libc_a-strncmp.o)
                0x08008aec                strncmp
 .text.strncpy  0x08008b10       0x26 C:/ST/STM32CubeIDE_1.18.0/STM32CubeIDE/plugins/com.st.stm32cube.ide.mcu.externaltools.gnu-tools-for-stm32.13.3.rel1.win32_1.0.0.202411081344/tools/bin/../lib/gcc/arm-none-eabi/13.3.1/../../../../arm-none-eabi/lib/thumb/v7e-m/nofp\libc_nano.a(libc_a-strncpy.o)
                0x08008b10                strncpy
 *fill*         0x08008b36        0x2 
 .text.time     0x08008b38       0x38 C:/ST/STM32CubeIDE_1.18.0/STM32CubeIDE/plugins/com.st.stm32cube.ide.mcu.externaltools.gnu-tools-for-stm32.13.3.rel1.win32_1.0.0.202411081344/tools/bin/../lib/gcc/arm-none-eabi/13.3.1/../../../../arm-none-eabi/lib/thumb/v7e-m/nofp\libc_nano.a(libc_a-time.o)
                0x08008b38                time
 .text._close_r
                0x08008b70       0x20 C:/ST/STM32CubeIDE_1.18.0/STM32CubeIDE/plugins/com.st.stm32cube.ide.mcu.externaltools.gnu-tools-for-stm32.13.3.rel1.win32_1.0.0.202411081344/tools/bin/../lib/gcc/arm-none-eabi/13.3.1/../../../../arm-none-eabi/lib/thumb/v7e-m/nofp\libc_nano.a(libc_a-closer.o)
                0x08008b70                _close_r
 .text._gettimeofday_r
                0x08008b90       0x24 C:/ST/STM32CubeIDE_1.18.0/STM32CubeIDE/plugins/com.st.stm32cube.ide.mcu.externaltools.gnu-tools-for-stm32.13.3.rel1.win32_1.0.0.202411081344/tools/bin/../lib/gcc/arm-none-eabi/13.3.1/../../../../arm-none-eabi/lib/thumb/v7e-m/nofp\libc_nano.a(libc_a-gettimeofdayr.o)
                0x08008b90                _gettimeofday_r
 .text._lseek_r
                0x08008bb4       0x24 C:/ST/STM32CubeIDE_1.18.0/STM32CubeIDE/plugins/com.st.stm32cube.ide.mcu.externaltools.gnu-tools-for-stm32.13.3.rel1.win32_1.0.0.202411081344/tools/bin/../lib/gcc/arm-none-eabi/13.3.1/../../../../arm-none-eabi/lib/thumb/v7e-m/nofp\libc_nano.a(libc_a-lseekr.o)
                0x08008bb4                _lseek_r
 .text._read_r  0x08008bd8       0x24 C:/ST/STM32CubeIDE_1.18.0/STM32CubeIDE/plugins/com.st.stm32cube.ide.mcu.externaltools.gnu-tools-for-stm32.13.3.rel1.win32_1.0.0.202411081344/tools/bin/../lib/gcc/arm-none-eabi/13.3.1/../../../../arm-none-eabi/lib/thumb/v7e-m/nofp\libc_nano.a(libc_a-readr.o)
                0x08008bd8                _read_r
 .text._write_r
                0x08008bfc       0x24 C:/ST/STM32CubeIDE_1.18.0/STM32CubeIDE/plugins/com.st.stm32cube.ide.mcu.externaltools.gnu-tools-for-stm32.13.3.rel1.win32_1.0.0.202411081344/tools/bin/../lib/gcc/arm-none-eabi/13.3.1/../../../../arm-none-eabi/lib/thumb/v7e-m/nofp\libc_nano.a(libc_a-writer.o)
                0x08008bfc                _write_r
 .text.__errno  0x08008c20        0xc C:/ST/STM32CubeIDE_1.18.0/STM32CubeIDE/plugins/com.st.stm32cube.ide.mcu.externaltools.gnu-tools-for-stm32.13.3.rel1.win32_1.0.0.202411081344/tools/bin/../lib/gcc/arm-none-eabi/13.3.1/../../../../arm-none-eabi/lib/thumb/v7e-m/nofp\libc_nano.a(libc_a-errno.o)
                0x08008c20                __errno
 .text.__libc_init_array
                0x08008c2c       0x48 C:/ST/STM32CubeIDE_1.18.0/STM32CubeIDE/plugins/com.st.stm32cube.ide.mcu.externaltools.gnu-tools-for-stm32.13.3.rel1.win32_1.0.0.202411081344/tools/bin/../lib/gcc/arm-none-eabi/13.3.1/../../../../arm-none-eabi/lib/thumb/v7e-m/nofp\libc_nano.a(libc_a-init.o)
                0x08008c2c                __libc_init_array
 .text.__retarget_lock_init_recursive
                0x08008c74        0x2 C:/ST/STM32CubeIDE_1.18.0/STM32CubeIDE/plugins/com.st.stm32cube.ide.mcu.externaltools.gnu-tools-for-stm32.13.3.rel1.win32_1.0.0.202411081344/tools/bin/../lib/gcc/arm-none-eabi/13.3.1/../../../../arm-none-eabi/lib/thumb/v7e-m/nofp\libc_nano.a(libc_a-lock.o)
                0x08008c74                __retarget_lock_init_recursive
 .text.__retarget_lock_acquire_recursive
                0x08008c76        0x2 C:/ST/STM32CubeIDE_1.18.0/STM32CubeIDE/plugins/com.st.stm32cube.ide.mcu.externaltools.gnu-tools-for-stm32.13.3.rel1.win32_1.0.0.202411081344/tools/bin/../lib/gcc/arm-none-eabi/13.3.1/../../../../arm-none-eabi/lib/thumb/v7e-m/nofp\libc_nano.a(libc_a-lock.o)
                0x08008c76                __retarget_lock_acquire_recursive
 .text.__retarget_lock_release_recursive
                0x08008c78        0x2 C:/ST/STM32CubeIDE_1.18.0/STM32CubeIDE/plugins/com.st.stm32cube.ide.mcu.externaltools.gnu-tools-for-stm32.13.3.rel1.win32_1.0.0.202411081344/tools/bin/../lib/gcc/arm-none-eabi/13.3.1/../../../../arm-none-eabi/lib/thumb/v7e-m/nofp\libc_nano.a(libc_a-lock.o)
                0x08008c78                __retarget_lock_release_recursive
 .text.memcpy   0x08008c7a       0x1c C:/ST/STM32CubeIDE_1.18.0/STM32CubeIDE/plugins/com.st.stm32cube.ide.mcu.externaltools.gnu-tools-for-stm32.13.3.rel1.win32_1.0.0.202411081344/tools/bin/../lib/gcc/arm-none-eabi/13.3.1/../../../../arm-none-eabi/lib/thumb/v7e-m/nofp\libc_nano.a(libc_a-memcpy-stub.o)
                0x08008c7a                memcpy
 *fill*         0x08008c96        0x2 
 .text.nan      0x08008c98        0xc C:/ST/STM32CubeIDE_1.18.0/STM32CubeIDE/plugins/com.st.stm32cube.ide.mcu.externaltools.gnu-tools-for-stm32.13.3.rel1.win32_1.0.0.202411081344/tools/bin/../lib/gcc/arm-none-eabi/13.3.1/../../../../arm-none-eabi/lib/thumb/v7e-m/nofp\libc_nano.a(libm_a-s_nan.o)
                0x08008c98                nan
 .text.__assert_func
                0x08008ca4       0x3c C:/ST/STM32CubeIDE_1.18.0/STM32CubeIDE/plugins/com.st.stm32cube.ide.mcu.externaltools.gnu-tools-for-stm32.13.3.rel1.win32_1.0.0.202411081344/tools/bin/../lib/gcc/arm-none-eabi/13.3.1/../../../../arm-none-eabi/lib/thumb/v7e-m/nofp\libc_nano.a(libc_a-assert.o)
                0x08008ca4                __assert_func
 .text._free_r  0x08008ce0       0x94 C:/ST/STM32CubeIDE_1.18.0/STM32CubeIDE/plugins/com.st.stm32cube.ide.mcu.externaltools.gnu-tools-for-stm32.13.3.rel1.win32_1.0.0.202411081344/tools/bin/../lib/gcc/arm-none-eabi/13.3.1/../../../../arm-none-eabi/lib/thumb/v7e-m/nofp\libc_nano.a(libc_a-freer.o)
                0x08008ce0                _free_r
 .text.rshift   0x08008d74       0xa4 C:/ST/STM32CubeIDE_1.18.0/STM32CubeIDE/plugins/com.st.stm32cube.ide.mcu.externaltools.gnu-tools-for-stm32.13.3.rel1.win32_1.0.0.202411081344/tools/bin/../lib/gcc/arm-none-eabi/13.3.1/../../../../arm-none-eabi/lib/thumb/v7e-m/nofp\libc_nano.a(libc_a-gdtoa-gethex.o)
 .text.__hexdig_fun
                0x08008e18       0x2a C:/ST/STM32CubeIDE_1.18.0/STM32CubeIDE/plugins/com.st.stm32cube.ide.mcu.externaltools.gnu-tools-for-stm32.13.3.rel1.win32_1.0.0.202411081344/tools/bin/../lib/gcc/arm-none-eabi/13.3.1/../../../../arm-none-eabi/lib/thumb/v7e-m/nofp\libc_nano.a(libc_a-gdtoa-gethex.o)
                0x08008e18                __hexdig_fun
 *fill*         0x08008e42        0x2 
 .text.__gethex
                0x08008e44      0x420 C:/ST/STM32CubeIDE_1.18.0/STM32CubeIDE/plugins/com.st.stm32cube.ide.mcu.externaltools.gnu-tools-for-stm32.13.3.rel1.win32_1.0.0.202411081344/tools/bin/../lib/gcc/arm-none-eabi/13.3.1/../../../../arm-none-eabi/lib/thumb/v7e-m/nofp\libc_nano.a(libc_a-gdtoa-gethex.o)
                0x08008e44                __gethex
 .text.L_shift  0x08009264       0x24 C:/ST/STM32CubeIDE_1.18.0/STM32CubeIDE/plugins/com.st.stm32cube.ide.mcu.externaltools.gnu-tools-for-stm32.13.3.rel1.win32_1.0.0.202411081344/tools/bin/../lib/gcc/arm-none-eabi/13.3.1/../../../../arm-none-eabi/lib/thumb/v7e-m/nofp\libc_nano.a(libc_a-gdtoa-hexnan.o)
 .text.__match  0x08009288       0x28 C:/ST/STM32CubeIDE_1.18.0/STM32CubeIDE/plugins/com.st.stm32cube.ide.mcu.externaltools.gnu-tools-for-stm32.13.3.rel1.win32_1.0.0.202411081344/tools/bin/../lib/gcc/arm-none-eabi/13.3.1/../../../../arm-none-eabi/lib/thumb/v7e-m/nofp\libc_nano.a(libc_a-gdtoa-hexnan.o)
                0x08009288                __match
 .text.__hexnan
                0x080092b0      0x136 C:/ST/STM32CubeIDE_1.18.0/STM32CubeIDE/plugins/com.st.stm32cube.ide.mcu.externaltools.gnu-tools-for-stm32.13.3.rel1.win32_1.0.0.202411081344/tools/bin/../lib/gcc/arm-none-eabi/13.3.1/../../../../arm-none-eabi/lib/thumb/v7e-m/nofp\libc_nano.a(libc_a-gdtoa-hexnan.o)
                0x080092b0                __hexnan
 *fill*         0x080093e6        0x2 
 .text.malloc   0x080093e8       0x10 C:/ST/STM32CubeIDE_1.18.0/STM32CubeIDE/plugins/com.st.stm32cube.ide.mcu.externaltools.gnu-tools-for-stm32.13.3.rel1.win32_1.0.0.202411081344/tools/bin/../lib/gcc/arm-none-eabi/13.3.1/../../../../arm-none-eabi/lib/thumb/v7e-m/nofp\libc_nano.a(libc_a-malloc.o)
                0x080093e8                malloc
 .text.sbrk_aligned
                0x080093f8       0x44 C:/ST/STM32CubeIDE_1.18.0/STM32CubeIDE/plugins/com.st.stm32cube.ide.mcu.externaltools.gnu-tools-for-stm32.13.3.rel1.win32_1.0.0.202411081344/tools/bin/../lib/gcc/arm-none-eabi/13.3.1/../../../../arm-none-eabi/lib/thumb/v7e-m/nofp\libc_nano.a(libc_a-mallocr.o)
 .text._malloc_r
                0x0800943c      0x100 C:/ST/STM32CubeIDE_1.18.0/STM32CubeIDE/plugins/com.st.stm32cube.ide.mcu.externaltools.gnu-tools-for-stm32.13.3.rel1.win32_1.0.0.202411081344/tools/bin/../lib/gcc/arm-none-eabi/13.3.1/../../../../arm-none-eabi/lib/thumb/v7e-m/nofp\libc_nano.a(libc_a-mallocr.o)
                0x0800943c                _malloc_r
 .text.__ascii_mbtowc
                0x0800953c       0x24 C:/ST/STM32CubeIDE_1.18.0/STM32CubeIDE/plugins/com.st.stm32cube.ide.mcu.externaltools.gnu-tools-for-stm32.13.3.rel1.win32_1.0.0.202411081344/tools/bin/../lib/gcc/arm-none-eabi/13.3.1/../../../../arm-none-eabi/lib/thumb/v7e-m/nofp\libc_nano.a(libc_a-mbtowc_r.o)
                0x0800953c                __ascii_mbtowc
 .text.__malloc_lock
                0x08009560        0xc C:/ST/STM32CubeIDE_1.18.0/STM32CubeIDE/plugins/com.st.stm32cube.ide.mcu.externaltools.gnu-tools-for-stm32.13.3.rel1.win32_1.0.0.202411081344/tools/bin/../lib/gcc/arm-none-eabi/13.3.1/../../../../arm-none-eabi/lib/thumb/v7e-m/nofp\libc_nano.a(libc_a-mlock.o)
                0x08009560                __malloc_lock
 .text.__malloc_unlock
                0x0800956c        0xc C:/ST/STM32CubeIDE_1.18.0/STM32CubeIDE/plugins/com.st.stm32cube.ide.mcu.externaltools.gnu-tools-for-stm32.13.3.rel1.win32_1.0.0.202411081344/tools/bin/../lib/gcc/arm-none-eabi/13.3.1/../../../../arm-none-eabi/lib/thumb/v7e-m/nofp\libc_nano.a(libc_a-mlock.o)
                0x0800956c                __malloc_unlock
 .text._Balloc  0x08009578       0x80 C:/ST/STM32CubeIDE_1.18.0/STM32CubeIDE/plugins/com.st.stm32cube.ide.mcu.externaltools.gnu-tools-for-stm32.13.3.rel1.win32_1.0.0.202411081344/tools/bin/../lib/gcc/arm-none-eabi/13.3.1/../../../../arm-none-eabi/lib/thumb/v7e-m/nofp\libc_nano.a(libc_a-mprec.o)
                0x08009578                _Balloc
 .text._Bfree   0x080095f8       0x44 C:/ST/STM32CubeIDE_1.18.0/STM32CubeIDE/plugins/com.st.stm32cube.ide.mcu.externaltools.gnu-tools-for-stm32.13.3.rel1.win32_1.0.0.202411081344/tools/bin/../lib/gcc/arm-none-eabi/13.3.1/../../../../arm-none-eabi/lib/thumb/v7e-m/nofp\libc_nano.a(libc_a-mprec.o)
                0x080095f8                _Bfree
 .text.__multadd
                0x0800963c       0x8c C:/ST/STM32CubeIDE_1.18.0/STM32CubeIDE/plugins/com.st.stm32cube.ide.mcu.externaltools.gnu-tools-for-stm32.13.3.rel1.win32_1.0.0.202411081344/tools/bin/../lib/gcc/arm-none-eabi/13.3.1/../../../../arm-none-eabi/lib/thumb/v7e-m/nofp\libc_nano.a(libc_a-mprec.o)
                0x0800963c                __multadd
 .text.__s2b    0x080096c8       0x94 C:/ST/STM32CubeIDE_1.18.0/STM32CubeIDE/plugins/com.st.stm32cube.ide.mcu.externaltools.gnu-tools-for-stm32.13.3.rel1.win32_1.0.0.202411081344/tools/bin/../lib/gcc/arm-none-eabi/13.3.1/../../../../arm-none-eabi/lib/thumb/v7e-m/nofp\libc_nano.a(libc_a-mprec.o)
                0x080096c8                __s2b
 .text.__hi0bits
                0x0800975c       0x3e C:/ST/STM32CubeIDE_1.18.0/STM32CubeIDE/plugins/com.st.stm32cube.ide.mcu.externaltools.gnu-tools-for-stm32.13.3.rel1.win32_1.0.0.202411081344/tools/bin/../lib/gcc/arm-none-eabi/13.3.1/../../../../arm-none-eabi/lib/thumb/v7e-m/nofp\libc_nano.a(libc_a-mprec.o)
                0x0800975c                __hi0bits
 .text.__lo0bits
                0x0800979a       0x5a C:/ST/STM32CubeIDE_1.18.0/STM32CubeIDE/plugins/com.st.stm32cube.ide.mcu.externaltools.gnu-tools-for-stm32.13.3.rel1.win32_1.0.0.202411081344/tools/bin/../lib/gcc/arm-none-eabi/13.3.1/../../../../arm-none-eabi/lib/thumb/v7e-m/nofp\libc_nano.a(libc_a-mprec.o)
                0x0800979a                __lo0bits
 .text.__i2b    0x080097f4       0x2c C:/ST/STM32CubeIDE_1.18.0/STM32CubeIDE/plugins/com.st.stm32cube.ide.mcu.externaltools.gnu-tools-for-stm32.13.3.rel1.win32_1.0.0.202411081344/tools/bin/../lib/gcc/arm-none-eabi/13.3.1/../../../../arm-none-eabi/lib/thumb/v7e-m/nofp\libc_nano.a(libc_a-mprec.o)
                0x080097f4                __i2b
 .text.__multiply
                0x08009820      0x144 C:/ST/STM32CubeIDE_1.18.0/STM32CubeIDE/plugins/com.st.stm32cube.ide.mcu.externaltools.gnu-tools-for-stm32.13.3.rel1.win32_1.0.0.202411081344/tools/bin/../lib/gcc/arm-none-eabi/13.3.1/../../../../arm-none-eabi/lib/thumb/v7e-m/nofp\libc_nano.a(libc_a-mprec.o)
                0x08009820                __multiply
 .text.__pow5mult
                0x08009964       0xb4 C:/ST/STM32CubeIDE_1.18.0/STM32CubeIDE/plugins/com.st.stm32cube.ide.mcu.externaltools.gnu-tools-for-stm32.13.3.rel1.win32_1.0.0.202411081344/tools/bin/../lib/gcc/arm-none-eabi/13.3.1/../../../../arm-none-eabi/lib/thumb/v7e-m/nofp\libc_nano.a(libc_a-mprec.o)
                0x08009964                __pow5mult
 .text.__lshift
                0x08009a18       0xd8 C:/ST/STM32CubeIDE_1.18.0/STM32CubeIDE/plugins/com.st.stm32cube.ide.mcu.externaltools.gnu-tools-for-stm32.13.3.rel1.win32_1.0.0.202411081344/tools/bin/../lib/gcc/arm-none-eabi/13.3.1/../../../../arm-none-eabi/lib/thumb/v7e-m/nofp\libc_nano.a(libc_a-mprec.o)
                0x08009a18                __lshift
 .text.__mcmp   0x08009af0       0x36 C:/ST/STM32CubeIDE_1.18.0/STM32CubeIDE/plugins/com.st.stm32cube.ide.mcu.externaltools.gnu-tools-for-stm32.13.3.rel1.win32_1.0.0.202411081344/tools/bin/../lib/gcc/arm-none-eabi/13.3.1/../../../../arm-none-eabi/lib/thumb/v7e-m/nofp\libc_nano.a(libc_a-mprec.o)
                0x08009af0                __mcmp
 *fill*         0x08009b26        0x2 
 .text.__mdiff  0x08009b28      0x124 C:/ST/STM32CubeIDE_1.18.0/STM32CubeIDE/plugins/com.st.stm32cube.ide.mcu.externaltools.gnu-tools-for-stm32.13.3.rel1.win32_1.0.0.202411081344/tools/bin/../lib/gcc/arm-none-eabi/13.3.1/../../../../arm-none-eabi/lib/thumb/v7e-m/nofp\libc_nano.a(libc_a-mprec.o)
                0x08009b28                __mdiff
 .text.__ulp    0x08009c4c       0x40 C:/ST/STM32CubeIDE_1.18.0/STM32CubeIDE/plugins/com.st.stm32cube.ide.mcu.externaltools.gnu-tools-for-stm32.13.3.rel1.win32_1.0.0.202411081344/tools/bin/../lib/gcc/arm-none-eabi/13.3.1/../../../../arm-none-eabi/lib/thumb/v7e-m/nofp\libc_nano.a(libc_a-mprec.o)
                0x08009c4c                __ulp
 .text.__b2d    0x08009c8c       0x94 C:/ST/STM32CubeIDE_1.18.0/STM32CubeIDE/plugins/com.st.stm32cube.ide.mcu.externaltools.gnu-tools-for-stm32.13.3.rel1.win32_1.0.0.202411081344/tools/bin/../lib/gcc/arm-none-eabi/13.3.1/../../../../arm-none-eabi/lib/thumb/v7e-m/nofp\libc_nano.a(libc_a-mprec.o)
                0x08009c8c                __b2d
 .text.__d2b    0x08009d20       0xb0 C:/ST/STM32CubeIDE_1.18.0/STM32CubeIDE/plugins/com.st.stm32cube.ide.mcu.externaltools.gnu-tools-for-stm32.13.3.rel1.win32_1.0.0.202411081344/tools/bin/../lib/gcc/arm-none-eabi/13.3.1/../../../../arm-none-eabi/lib/thumb/v7e-m/nofp\libc_nano.a(libc_a-mprec.o)
                0x08009d20                __d2b
 .text.__ratio  0x08009dd0       0x60 C:/ST/STM32CubeIDE_1.18.0/STM32CubeIDE/plugins/com.st.stm32cube.ide.mcu.externaltools.gnu-tools-for-stm32.13.3.rel1.win32_1.0.0.202411081344/tools/bin/../lib/gcc/arm-none-eabi/13.3.1/../../../../arm-none-eabi/lib/thumb/v7e-m/nofp\libc_nano.a(libc_a-mprec.o)
                0x08009dd0                __ratio
 .text.__copybits
                0x08009e30       0x46 C:/ST/STM32CubeIDE_1.18.0/STM32CubeIDE/plugins/com.st.stm32cube.ide.mcu.externaltools.gnu-tools-for-stm32.13.3.rel1.win32_1.0.0.202411081344/tools/bin/../lib/gcc/arm-none-eabi/13.3.1/../../../../arm-none-eabi/lib/thumb/v7e-m/nofp\libc_nano.a(libc_a-mprec.o)
                0x08009e30                __copybits
 .text.__any_on
                0x08009e76       0x42 C:/ST/STM32CubeIDE_1.18.0/STM32CubeIDE/plugins/com.st.stm32cube.ide.mcu.externaltools.gnu-tools-for-stm32.13.3.rel1.win32_1.0.0.202411081344/tools/bin/../lib/gcc/arm-none-eabi/13.3.1/../../../../arm-none-eabi/lib/thumb/v7e-m/nofp\libc_nano.a(libc_a-mprec.o)
                0x08009e76                __any_on
 .text.__ascii_wctomb
                0x08009eb8       0x1a C:/ST/STM32CubeIDE_1.18.0/STM32CubeIDE/plugins/com.st.stm32cube.ide.mcu.externaltools.gnu-tools-for-stm32.13.3.rel1.win32_1.0.0.202411081344/tools/bin/../lib/gcc/arm-none-eabi/13.3.1/../../../../arm-none-eabi/lib/thumb/v7e-m/nofp\libc_nano.a(libc_a-wctomb_r.o)
                0x08009eb8                __ascii_wctomb
 .text.__ssputs_r
                0x08009ed2       0xb6 C:/ST/STM32CubeIDE_1.18.0/STM32CubeIDE/plugins/com.st.stm32cube.ide.mcu.externaltools.gnu-tools-for-stm32.13.3.rel1.win32_1.0.0.202411081344/tools/bin/../lib/gcc/arm-none-eabi/13.3.1/../../../../arm-none-eabi/lib/thumb/v7e-m/nofp\libc_nano.a(libc_a-nano-svfprintf.o)
                0x08009ed2                __ssputs_r
 .text._svfprintf_r
                0x08009f88      0x1f8 C:/ST/STM32CubeIDE_1.18.0/STM32CubeIDE/plugins/com.st.stm32cube.ide.mcu.externaltools.gnu-tools-for-stm32.13.3.rel1.win32_1.0.0.202411081344/tools/bin/../lib/gcc/arm-none-eabi/13.3.1/../../../../arm-none-eabi/lib/thumb/v7e-m/nofp\libc_nano.a(libc_a-nano-svfprintf.o)
                0x08009f88                _svfiprintf_r
                0x08009f88                _svfprintf_r
 .text._sungetc_r
                0x0800a180       0x7a C:/ST/STM32CubeIDE_1.18.0/STM32CubeIDE/plugins/com.st.stm32cube.ide.mcu.externaltools.gnu-tools-for-stm32.13.3.rel1.win32_1.0.0.202411081344/tools/bin/../lib/gcc/arm-none-eabi/13.3.1/../../../../arm-none-eabi/lib/thumb/v7e-m/nofp\libc_nano.a(libc_a-nano-svfscanf.o)
                0x0800a180                _sungetc_r
 .text.__ssrefill_r
                0x0800a1fa       0x3a C:/ST/STM32CubeIDE_1.18.0/STM32CubeIDE/plugins/com.st.stm32cube.ide.mcu.externaltools.gnu-tools-for-stm32.13.3.rel1.win32_1.0.0.202411081344/tools/bin/../lib/gcc/arm-none-eabi/13.3.1/../../../../arm-none-eabi/lib/thumb/v7e-m/nofp\libc_nano.a(libc_a-nano-svfscanf.o)
                0x0800a1fa                __ssrefill_r
 .text.__ssvfscanf_r
                0x0800a234      0x2ec C:/ST/STM32CubeIDE_1.18.0/STM32CubeIDE/plugins/com.st.stm32cube.ide.mcu.externaltools.gnu-tools-for-stm32.13.3.rel1.win32_1.0.0.202411081344/tools/bin/../lib/gcc/arm-none-eabi/13.3.1/../../../../arm-none-eabi/lib/thumb/v7e-m/nofp\libc_nano.a(libc_a-nano-svfscanf.o)
                0x0800a234                __ssvfiscanf_r
                0x0800a234                __ssvfscanf_r
 .text._printf_common
                0x0800a520       0xda C:/ST/STM32CubeIDE_1.18.0/STM32CubeIDE/plugins/com.st.stm32cube.ide.mcu.externaltools.gnu-tools-for-stm32.13.3.rel1.win32_1.0.0.202411081344/tools/bin/../lib/gcc/arm-none-eabi/13.3.1/../../../../arm-none-eabi/lib/thumb/v7e-m/nofp\libc_nano.a(libc_a-nano-vfprintf_i.o)
                0x0800a520                _printf_common
 *fill*         0x0800a5fa        0x2 
 .text._printf_i
                0x0800a5fc      0x23c C:/ST/STM32CubeIDE_1.18.0/STM32CubeIDE/plugins/com.st.stm32cube.ide.mcu.externaltools.gnu-tools-for-stm32.13.3.rel1.win32_1.0.0.202411081344/tools/bin/../lib/gcc/arm-none-eabi/13.3.1/../../../../arm-none-eabi/lib/thumb/v7e-m/nofp\libc_nano.a(libc_a-nano-vfprintf_i.o)
                0x0800a5fc                _printf_i
 .text._scanf_chars
                0x0800a838       0xb4 C:/ST/STM32CubeIDE_1.18.0/STM32CubeIDE/plugins/com.st.stm32cube.ide.mcu.externaltools.gnu-tools-for-stm32.13.3.rel1.win32_1.0.0.202411081344/tools/bin/../lib/gcc/arm-none-eabi/13.3.1/../../../../arm-none-eabi/lib/thumb/v7e-m/nofp\libc_nano.a(libc_a-nano-vfscanf_i.o)
                0x0800a838                _scanf_chars
 .text._scanf_i
                0x0800a8ec      0x1e8 C:/ST/STM32CubeIDE_1.18.0/STM32CubeIDE/plugins/com.st.stm32cube.ide.mcu.externaltools.gnu-tools-for-stm32.13.3.rel1.win32_1.0.0.202411081344/tools/bin/../lib/gcc/arm-none-eabi/13.3.1/../../../../arm-none-eabi/lib/thumb/v7e-m/nofp\libc_nano.a(libc_a-nano-vfscanf_i.o)
                0x0800a8ec                _scanf_i
 .text.__sflush_r
                0x0800aad4      0x100 C:/ST/STM32CubeIDE_1.18.0/STM32CubeIDE/plugins/com.st.stm32cube.ide.mcu.externaltools.gnu-tools-for-stm32.13.3.rel1.win32_1.0.0.202411081344/tools/bin/../lib/gcc/arm-none-eabi/13.3.1/../../../../arm-none-eabi/lib/thumb/v7e-m/nofp\libc_nano.a(libc_a-fflush.o)
                0x0800aad4                __sflush_r
 .text._fflush_r
                0x0800abd4       0x50 C:/ST/STM32CubeIDE_1.18.0/STM32CubeIDE/plugins/com.st.stm32cube.ide.mcu.externaltools.gnu-tools-for-stm32.13.3.rel1.win32_1.0.0.202411081344/tools/bin/../lib/gcc/arm-none-eabi/13.3.1/../../../../arm-none-eabi/lib/thumb/v7e-m/nofp\libc_nano.a(libc_a-fflush.o)
                0x0800abd4                _fflush_r
 .text.fprintf  0x0800ac24       0x24 C:/ST/STM32CubeIDE_1.18.0/STM32CubeIDE/plugins/com.st.stm32cube.ide.mcu.externaltools.gnu-tools-for-stm32.13.3.rel1.win32_1.0.0.202411081344/tools/bin/../lib/gcc/arm-none-eabi/13.3.1/../../../../arm-none-eabi/lib/thumb/v7e-m/nofp\libc_nano.a(libc_a-fprintf.o)
                0x0800ac24                fiprintf
                0x0800ac24                fprintf
 .text.__sccl   0x0800ac48       0x72 C:/ST/STM32CubeIDE_1.18.0/STM32CubeIDE/plugins/com.st.stm32cube.ide.mcu.externaltools.gnu-tools-for-stm32.13.3.rel1.win32_1.0.0.202411081344/tools/bin/../lib/gcc/arm-none-eabi/13.3.1/../../../../arm-none-eabi/lib/thumb/v7e-m/nofp\libc_nano.a(libc_a-sccl.o)
                0x0800ac48                __sccl
 .text.__submore
                0x0800acba       0x74 C:/ST/STM32CubeIDE_1.18.0/STM32CubeIDE/plugins/com.st.stm32cube.ide.mcu.externaltools.gnu-tools-for-stm32.13.3.rel1.win32_1.0.0.202411081344/tools/bin/../lib/gcc/arm-none-eabi/13.3.1/../../../../arm-none-eabi/lib/thumb/v7e-m/nofp\libc_nano.a(libc_a-ungetc.o)
                0x0800acba                __submore
 .text.memmove  0x0800ad2e       0x34 C:/ST/STM32CubeIDE_1.18.0/STM32CubeIDE/plugins/com.st.stm32cube.ide.mcu.externaltools.gnu-tools-for-stm32.13.3.rel1.win32_1.0.0.202411081344/tools/bin/../lib/gcc/arm-none-eabi/13.3.1/../../../../arm-none-eabi/lib/thumb/v7e-m/nofp\libc_nano.a(libc_a-memmove.o)
                0x0800ad2e                memmove
 *fill*         0x0800ad62        0x2 
 .text._sbrk_r  0x0800ad64       0x20 C:/ST/STM32CubeIDE_1.18.0/STM32CubeIDE/plugins/com.st.stm32cube.ide.mcu.externaltools.gnu-tools-for-stm32.13.3.rel1.win32_1.0.0.202411081344/tools/bin/../lib/gcc/arm-none-eabi/13.3.1/../../../../arm-none-eabi/lib/thumb/v7e-m/nofp\libc_nano.a(libc_a-sbrkr.o)
                0x0800ad64                _sbrk_r
 .text.abort    0x0800ad84        0xe C:/ST/STM32CubeIDE_1.18.0/STM32CubeIDE/plugins/com.st.stm32cube.ide.mcu.externaltools.gnu-tools-for-stm32.13.3.rel1.win32_1.0.0.202411081344/tools/bin/../lib/gcc/arm-none-eabi/13.3.1/../../../../arm-none-eabi/lib/thumb/v7e-m/nofp\libc_nano.a(libc_a-abort.o)
                0x0800ad84                abort
 .text._calloc_r
                0x0800ad92       0x28 C:/ST/STM32CubeIDE_1.18.0/STM32CubeIDE/plugins/com.st.stm32cube.ide.mcu.externaltools.gnu-tools-for-stm32.13.3.rel1.win32_1.0.0.202411081344/tools/bin/../lib/gcc/arm-none-eabi/13.3.1/../../../../arm-none-eabi/lib/thumb/v7e-m/nofp\libc_nano.a(libc_a-callocr.o)
                0x0800ad92                _calloc_r
 .text._realloc_r
                0x0800adba       0x5c C:/ST/STM32CubeIDE_1.18.0/STM32CubeIDE/plugins/com.st.stm32cube.ide.mcu.externaltools.gnu-tools-for-stm32.13.3.rel1.win32_1.0.0.202411081344/tools/bin/../lib/gcc/arm-none-eabi/13.3.1/../../../../arm-none-eabi/lib/thumb/v7e-m/nofp\libc_nano.a(libc_a-reallocr.o)
                0x0800adba                _realloc_r
 .text.__sfputc_r
                0x0800ae16       0x2a C:/ST/STM32CubeIDE_1.18.0/STM32CubeIDE/plugins/com.st.stm32cube.ide.mcu.externaltools.gnu-tools-for-stm32.13.3.rel1.win32_1.0.0.202411081344/tools/bin/../lib/gcc/arm-none-eabi/13.3.1/../../../../arm-none-eabi/lib/thumb/v7e-m/nofp\libc_nano.a(libc_a-nano-vfprintf.o)
 .text.__sfputs_r
                0x0800ae40       0x24 C:/ST/STM32CubeIDE_1.18.0/STM32CubeIDE/plugins/com.st.stm32cube.ide.mcu.externaltools.gnu-tools-for-stm32.13.3.rel1.win32_1.0.0.202411081344/tools/bin/../lib/gcc/arm-none-eabi/13.3.1/../../../../arm-none-eabi/lib/thumb/v7e-m/nofp\libc_nano.a(libc_a-nano-vfprintf.o)
                0x0800ae40                __sfputs_r
 .text._vfprintf_r
                0x0800ae64      0x230 C:/ST/STM32CubeIDE_1.18.0/STM32CubeIDE/plugins/com.st.stm32cube.ide.mcu.externaltools.gnu-tools-for-stm32.13.3.rel1.win32_1.0.0.202411081344/tools/bin/../lib/gcc/arm-none-eabi/13.3.1/../../../../arm-none-eabi/lib/thumb/v7e-m/nofp\libc_nano.a(libc_a-nano-vfprintf.o)
                0x0800ae64                _vfprintf_r
                0x0800ae64                _vfiprintf_r
 .text.__swbuf_r
                0x0800b094       0x7c C:/ST/STM32CubeIDE_1.18.0/STM32CubeIDE/plugins/com.st.stm32cube.ide.mcu.externaltools.gnu-tools-for-stm32.13.3.rel1.win32_1.0.0.202411081344/tools/bin/../lib/gcc/arm-none-eabi/13.3.1/../../../../arm-none-eabi/lib/thumb/v7e-m/nofp\libc_nano.a(libc_a-wbuf.o)
                0x0800b094                __swbuf_r
 .text.__swsetup_r
                0x0800b110       0xac C:/ST/STM32CubeIDE_1.18.0/STM32CubeIDE/plugins/com.st.stm32cube.ide.mcu.externaltools.gnu-tools-for-stm32.13.3.rel1.win32_1.0.0.202411081344/tools/bin/../lib/gcc/arm-none-eabi/13.3.1/../../../../arm-none-eabi/lib/thumb/v7e-m/nofp\libc_nano.a(libc_a-wsetup.o)
                0x0800b110                __swsetup_r
 .text._raise_r
                0x0800b1bc       0x50 C:/ST/STM32CubeIDE_1.18.0/STM32CubeIDE/plugins/com.st.stm32cube.ide.mcu.externaltools.gnu-tools-for-stm32.13.3.rel1.win32_1.0.0.202411081344/tools/bin/../lib/gcc/arm-none-eabi/13.3.1/../../../../arm-none-eabi/lib/thumb/v7e-m/nofp\libc_nano.a(libc_a-signal.o)
                0x0800b1bc                _raise_r
 .text.raise    0x0800b20c       0x10 C:/ST/STM32CubeIDE_1.18.0/STM32CubeIDE/plugins/com.st.stm32cube.ide.mcu.externaltools.gnu-tools-for-stm32.13.3.rel1.win32_1.0.0.202411081344/tools/bin/../lib/gcc/arm-none-eabi/13.3.1/../../../../arm-none-eabi/lib/thumb/v7e-m/nofp\libc_nano.a(libc_a-signal.o)
                0x0800b20c                raise
 .text._kill_r  0x0800b21c       0x24 C:/ST/STM32CubeIDE_1.18.0/STM32CubeIDE/plugins/com.st.stm32cube.ide.mcu.externaltools.gnu-tools-for-stm32.13.3.rel1.win32_1.0.0.202411081344/tools/bin/../lib/gcc/arm-none-eabi/13.3.1/../../../../arm-none-eabi/lib/thumb/v7e-m/nofp\libc_nano.a(libc_a-signalr.o)
                0x0800b21c                _kill_r
 .text._getpid_r
                0x0800b240        0x4 C:/ST/STM32CubeIDE_1.18.0/STM32CubeIDE/plugins/com.st.stm32cube.ide.mcu.externaltools.gnu-tools-for-stm32.13.3.rel1.win32_1.0.0.202411081344/tools/bin/../lib/gcc/arm-none-eabi/13.3.1/../../../../arm-none-eabi/lib/thumb/v7e-m/nofp\libc_nano.a(libc_a-signalr.o)
                0x0800b240                _getpid_r
 .text._malloc_usable_size_r
                0x0800b244       0x10 C:/ST/STM32CubeIDE_1.18.0/STM32CubeIDE/plugins/com.st.stm32cube.ide.mcu.externaltools.gnu-tools-for-stm32.13.3.rel1.win32_1.0.0.202411081344/tools/bin/../lib/gcc/arm-none-eabi/13.3.1/../../../../arm-none-eabi/lib/thumb/v7e-m/nofp\libc_nano.a(libc_a-msizer.o)
                0x0800b244                _malloc_usable_size_r
 .text.__swhatbuf_r
                0x0800b254       0x4c C:/ST/STM32CubeIDE_1.18.0/STM32CubeIDE/plugins/com.st.stm32cube.ide.mcu.externaltools.gnu-tools-for-stm32.13.3.rel1.win32_1.0.0.202411081344/tools/bin/../lib/gcc/arm-none-eabi/13.3.1/../../../../arm-none-eabi/lib/thumb/v7e-m/nofp\libc_nano.a(libc_a-makebuf.o)
                0x0800b254                __swhatbuf_r
 .text.__smakebuf_r
                0x0800b2a0       0x78 C:/ST/STM32CubeIDE_1.18.0/STM32CubeIDE/plugins/com.st.stm32cube.ide.mcu.externaltools.gnu-tools-for-stm32.13.3.rel1.win32_1.0.0.202411081344/tools/bin/../lib/gcc/arm-none-eabi/13.3.1/../../../../arm-none-eabi/lib/thumb/v7e-m/nofp\libc_nano.a(libc_a-makebuf.o)
                0x0800b2a0                __smakebuf_r
 .text._fstat_r
                0x0800b318       0x24 C:/ST/STM32CubeIDE_1.18.0/STM32CubeIDE/plugins/com.st.stm32cube.ide.mcu.externaltools.gnu-tools-for-stm32.13.3.rel1.win32_1.0.0.202411081344/tools/bin/../lib/gcc/arm-none-eabi/13.3.1/../../../../arm-none-eabi/lib/thumb/v7e-m/nofp\libc_nano.a(libc_a-fstatr.o)
                0x0800b318                _fstat_r
 .text._isatty_r
                0x0800b33c       0x20 C:/ST/STM32CubeIDE_1.18.0/STM32CubeIDE/plugins/com.st.stm32cube.ide.mcu.externaltools.gnu-tools-for-stm32.13.3.rel1.win32_1.0.0.202411081344/tools/bin/../lib/gcc/arm-none-eabi/13.3.1/../../../../arm-none-eabi/lib/thumb/v7e-m/nofp\libc_nano.a(libc_a-isattyr.o)
                0x0800b33c                _isatty_r
 .text._gettimeofday
                0x0800b35c       0x10 C:/ST/STM32CubeIDE_1.18.0/STM32CubeIDE/plugins/com.st.stm32cube.ide.mcu.externaltools.gnu-tools-for-stm32.13.3.rel1.win32_1.0.0.202411081344/tools/bin/../lib/gcc/arm-none-eabi/13.3.1/../../../../arm-none-eabi/lib/thumb/v7e-m/nofp\libnosys.a(gettod.o)
                0x0800b35c                _gettimeofday
 *(.glue_7)
 .glue_7        0x0800b36c        0x0 linker stubs
 *(.glue_7t)
 .glue_7t       0x0800b36c        0x0 linker stubs
 *(.eh_frame)
 .eh_frame      0x0800b36c        0x0 C:/ST/STM32CubeIDE_1.18.0/STM32CubeIDE/plugins/com.st.stm32cube.ide.mcu.externaltools.gnu-tools-for-stm32.13.3.rel1.win32_1.0.0.202411081344/tools/bin/../lib/gcc/arm-none-eabi/13.3.1/thumb/v7e-m/nofp/crtbegin.o
 *(.init)
 .init          0x0800b36c        0x4 C:/ST/STM32CubeIDE_1.18.0/STM32CubeIDE/plugins/com.st.stm32cube.ide.mcu.externaltools.gnu-tools-for-stm32.13.3.rel1.win32_1.0.0.202411081344/tools/bin/../lib/gcc/arm-none-eabi/13.3.1/thumb/v7e-m/nofp/crti.o
                0x0800b36c                _init
 .init          0x0800b370        0x8 C:/ST/STM32CubeIDE_1.18.0/STM32CubeIDE/plugins/com.st.stm32cube.ide.mcu.externaltools.gnu-tools-for-stm32.13.3.rel1.win32_1.0.0.202411081344/tools/bin/../lib/gcc/arm-none-eabi/13.3.1/thumb/v7e-m/nofp/crtn.o
 *(.fini)
 .fini          0x0800b378        0x4 C:/ST/STM32CubeIDE_1.18.0/STM32CubeIDE/plugins/com.st.stm32cube.ide.mcu.externaltools.gnu-tools-for-stm32.13.3.rel1.win32_1.0.0.202411081344/tools/bin/../lib/gcc/arm-none-eabi/13.3.1/thumb/v7e-m/nofp/crti.o
                0x0800b378                _fini
 .fini          0x0800b37c        0x8 C:/ST/STM32CubeIDE_1.18.0/STM32CubeIDE/plugins/com.st.stm32cube.ide.mcu.externaltools.gnu-tools-for-stm32.13.3.rel1.win32_1.0.0.202411081344/tools/bin/../lib/gcc/arm-none-eabi/13.3.1/thumb/v7e-m/nofp/crtn.o
                0x0800b384                        . = ALIGN (0x4)
                0x0800b384                        _etext = .

.vfp11_veneer   0x0800b384        0x0
 .vfp11_veneer  0x0800b384        0x0 linker stubs

.v4_bx          0x0800b384        0x0
 .v4_bx         0x0800b384        0x0 linker stubs

.iplt           0x0800b384        0x0
 .iplt          0x0800b384        0x0 C:/ST/STM32CubeIDE_1.18.0/STM32CubeIDE/plugins/com.st.stm32cube.ide.mcu.externaltools.gnu-tools-for-stm32.13.3.rel1.win32_1.0.0.202411081344/tools/bin/../lib/gcc/arm-none-eabi/13.3.1/thumb/v7e-m/nofp/crtbegin.o

.rodata         0x0800b388      0x620
                0x0800b388                        . = ALIGN (0x4)
 *(.rodata)
 .rodata        0x0800b388      0x13a ./Src/M20071_GPS.o
 *fill*         0x0800b4c2        0x2 
 .rodata        0x0800b4c4        0x9 ./Src/lora.o
 *fill*         0x0800b4cd        0x3 
 .rodata        0x0800b4d0       0x1c ./Src/stm32wlxx_hal_rcc.o
 .rodata        0x0800b4ec        0xc C:/ST/STM32CubeIDE_1.18.0/STM32CubeIDE/plugins/com.st.stm32cube.ide.mcu.externaltools.gnu-tools-for-stm32.13.3.rel1.win32_1.0.0.202411081344/tools/bin/../lib/gcc/arm-none-eabi/13.3.1/../../../../arm-none-eabi/lib/thumb/v7e-m/nofp\libc_nano.a(libc_a-nano-vfscanf_i.o)
 *(.rodata*)
 .rodata.AHBPrescTable
                0x0800b4f8       0x40 ./Src/system_stm32wlxx.o
                0x0800b4f8                AHBPrescTable
 .rodata.MSIRangeTable
                0x0800b538       0x40 ./Src/system_stm32wlxx.o
                0x0800b538                MSIRangeTable
 .rodata.srand.str1.1
                0x0800b578      0x1d9 C:/ST/STM32CubeIDE_1.18.0/STM32CubeIDE/plugins/com.st.stm32cube.ide.mcu.externaltools.gnu-tools-for-stm32.13.3.rel1.win32_1.0.0.202411081344/tools/bin/../lib/gcc/arm-none-eabi/13.3.1/../../../../arm-none-eabi/lib/thumb/v7e-m/nofp\libc_nano.a(libc_a-rand.o)
                                 0x6f (size before relaxing)
 .rodata._strtod_l.str1.1
                0x0800b751        0xf C:/ST/STM32CubeIDE_1.18.0/STM32CubeIDE/plugins/com.st.stm32cube.ide.mcu.externaltools.gnu-tools-for-stm32.13.3.rel1.win32_1.0.0.202411081344/tools/bin/../lib/gcc/arm-none-eabi/13.3.1/../../../../arm-none-eabi/lib/thumb/v7e-m/nofp\libc_nano.a(libc_a-strtod.o)
 *fill*         0x0800b751        0x3 
 .rodata.fpinan.0
                0x0800b754       0x14 C:/ST/STM32CubeIDE_1.18.0/STM32CubeIDE/plugins/com.st.stm32cube.ide.mcu.externaltools.gnu-tools-for-stm32.13.3.rel1.win32_1.0.0.202411081344/tools/bin/../lib/gcc/arm-none-eabi/13.3.1/../../../../arm-none-eabi/lib/thumb/v7e-m/nofp\libc_nano.a(libc_a-strtod.o)
 .rodata.fpi.1  0x0800b768       0x14 C:/ST/STM32CubeIDE_1.18.0/STM32CubeIDE/plugins/com.st.stm32cube.ide.mcu.externaltools.gnu-tools-for-stm32.13.3.rel1.win32_1.0.0.202411081344/tools/bin/../lib/gcc/arm-none-eabi/13.3.1/../../../../arm-none-eabi/lib/thumb/v7e-m/nofp\libc_nano.a(libc_a-strtod.o)
 *fill*         0x0800b77c        0x4 
 .rodata.tinytens
                0x0800b780       0x28 C:/ST/STM32CubeIDE_1.18.0/STM32CubeIDE/plugins/com.st.stm32cube.ide.mcu.externaltools.gnu-tools-for-stm32.13.3.rel1.win32_1.0.0.202411081344/tools/bin/../lib/gcc/arm-none-eabi/13.3.1/../../../../arm-none-eabi/lib/thumb/v7e-m/nofp\libc_nano.a(libc_a-strtod.o)
 .rodata._ctype_
                0x0800b7a8      0x101 C:/ST/STM32CubeIDE_1.18.0/STM32CubeIDE/plugins/com.st.stm32cube.ide.mcu.externaltools.gnu-tools-for-stm32.13.3.rel1.win32_1.0.0.202411081344/tools/bin/../lib/gcc/arm-none-eabi/13.3.1/../../../../arm-none-eabi/lib/thumb/v7e-m/nofp\libc_nano.a(libc_a-ctype_.o)
                0x0800b7a8                _ctype_
 .rodata._setlocale_r.str1.1
                0x0800b8a9        0x9 C:/ST/STM32CubeIDE_1.18.0/STM32CubeIDE/plugins/com.st.stm32cube.ide.mcu.externaltools.gnu-tools-for-stm32.13.3.rel1.win32_1.0.0.202411081344/tools/bin/../lib/gcc/arm-none-eabi/13.3.1/../../../../arm-none-eabi/lib/thumb/v7e-m/nofp\libc_nano.a(libc_a-locale.o)
 .rodata.str1.1
                0x0800b8a9        0x2 C:/ST/STM32CubeIDE_1.18.0/STM32CubeIDE/plugins/com.st.stm32cube.ide.mcu.externaltools.gnu-tools-for-stm32.13.3.rel1.win32_1.0.0.202411081344/tools/bin/../lib/gcc/arm-none-eabi/13.3.1/../../../../arm-none-eabi/lib/thumb/v7e-m/nofp\libc_nano.a(libc_a-locale.o)
 .rodata.__assert_func.str1.1
                0x0800b8a9       0x3d C:/ST/STM32CubeIDE_1.18.0/STM32CubeIDE/plugins/com.st.stm32cube.ide.mcu.externaltools.gnu-tools-for-stm32.13.3.rel1.win32_1.0.0.202411081344/tools/bin/../lib/gcc/arm-none-eabi/13.3.1/../../../../arm-none-eabi/lib/thumb/v7e-m/nofp\libc_nano.a(libc_a-assert.o)
 .rodata.__gethex.str1.1
                0x0800b8a9       0x73 C:/ST/STM32CubeIDE_1.18.0/STM32CubeIDE/plugins/com.st.stm32cube.ide.mcu.externaltools.gnu-tools-for-stm32.13.3.rel1.win32_1.0.0.202411081344/tools/bin/../lib/gcc/arm-none-eabi/13.3.1/../../../../arm-none-eabi/lib/thumb/v7e-m/nofp\libc_nano.a(libc_a-gdtoa-gethex.o)
 .rodata._Balloc.str1.1
                0x0800b8a9       0x70 C:/ST/STM32CubeIDE_1.18.0/STM32CubeIDE/plugins/com.st.stm32cube.ide.mcu.externaltools.gnu-tools-for-stm32.13.3.rel1.win32_1.0.0.202411081344/tools/bin/../lib/gcc/arm-none-eabi/13.3.1/../../../../arm-none-eabi/lib/thumb/v7e-m/nofp\libc_nano.a(libc_a-mprec.o)
 .rodata.__multadd.str1.1
                0x0800b8a9       0x11 C:/ST/STM32CubeIDE_1.18.0/STM32CubeIDE/plugins/com.st.stm32cube.ide.mcu.externaltools.gnu-tools-for-stm32.13.3.rel1.win32_1.0.0.202411081344/tools/bin/../lib/gcc/arm-none-eabi/13.3.1/../../../../arm-none-eabi/lib/thumb/v7e-m/nofp\libc_nano.a(libc_a-mprec.o)
 *fill*         0x0800b8a9        0x3 
 .rodata.p05.0  0x0800b8ac        0xc C:/ST/STM32CubeIDE_1.18.0/STM32CubeIDE/plugins/com.st.stm32cube.ide.mcu.externaltools.gnu-tools-for-stm32.13.3.rel1.win32_1.0.0.202411081344/tools/bin/../lib/gcc/arm-none-eabi/13.3.1/../../../../arm-none-eabi/lib/thumb/v7e-m/nofp\libc_nano.a(libc_a-mprec.o)
 .rodata.__mprec_bigtens
                0x0800b8b8       0x28 C:/ST/STM32CubeIDE_1.18.0/STM32CubeIDE/plugins/com.st.stm32cube.ide.mcu.externaltools.gnu-tools-for-stm32.13.3.rel1.win32_1.0.0.202411081344/tools/bin/../lib/gcc/arm-none-eabi/13.3.1/../../../../arm-none-eabi/lib/thumb/v7e-m/nofp\libc_nano.a(libc_a-mprec.o)
                0x0800b8b8                __mprec_bigtens
 .rodata.__mprec_tens
                0x0800b8e0       0xc8 C:/ST/STM32CubeIDE_1.18.0/STM32CubeIDE/plugins/com.st.stm32cube.ide.mcu.externaltools.gnu-tools-for-stm32.13.3.rel1.win32_1.0.0.202411081344/tools/bin/../lib/gcc/arm-none-eabi/13.3.1/../../../../arm-none-eabi/lib/thumb/v7e-m/nofp\libc_nano.a(libc_a-mprec.o)
                0x0800b8e0                __mprec_tens
 .rodata._svfprintf_r.str1.1
                0x0800b9a8       0x11 C:/ST/STM32CubeIDE_1.18.0/STM32CubeIDE/plugins/com.st.stm32cube.ide.mcu.externaltools.gnu-tools-for-stm32.13.3.rel1.win32_1.0.0.202411081344/tools/bin/../lib/gcc/arm-none-eabi/13.3.1/../../../../arm-none-eabi/lib/thumb/v7e-m/nofp\libc_nano.a(libc_a-nano-svfprintf.o)
 .rodata.__ssvfscanf_r.str1.1
                0x0800b9a8        0x4 C:/ST/STM32CubeIDE_1.18.0/STM32CubeIDE/plugins/com.st.stm32cube.ide.mcu.externaltools.gnu-tools-for-stm32.13.3.rel1.win32_1.0.0.202411081344/tools/bin/../lib/gcc/arm-none-eabi/13.3.1/../../../../arm-none-eabi/lib/thumb/v7e-m/nofp\libc_nano.a(libc_a-nano-svfscanf.o)
 .rodata._printf_i.str1.1
                0x0800b9a8       0x22 C:/ST/STM32CubeIDE_1.18.0/STM32CubeIDE/plugins/com.st.stm32cube.ide.mcu.externaltools.gnu-tools-for-stm32.13.3.rel1.win32_1.0.0.202411081344/tools/bin/../lib/gcc/arm-none-eabi/13.3.1/../../../../arm-none-eabi/lib/thumb/v7e-m/nofp\libc_nano.a(libc_a-nano-vfprintf_i.o)
 .rodata._scanf_i.str1.1
                0x0800b9a8       0x12 C:/ST/STM32CubeIDE_1.18.0/STM32CubeIDE/plugins/com.st.stm32cube.ide.mcu.externaltools.gnu-tools-for-stm32.13.3.rel1.win32_1.0.0.202411081344/tools/bin/../lib/gcc/arm-none-eabi/13.3.1/../../../../arm-none-eabi/lib/thumb/v7e-m/nofp\libc_nano.a(libc_a-nano-vfscanf_i.o)
 .rodata.str1.1
                0x0800b9a8        0x9 C:/ST/STM32CubeIDE_1.18.0/STM32CubeIDE/plugins/com.st.stm32cube.ide.mcu.externaltools.gnu-tools-for-stm32.13.3.rel1.win32_1.0.0.202411081344/tools/bin/../lib/gcc/arm-none-eabi/13.3.1/../../../../arm-none-eabi/lib/thumb/v7e-m/nofp\libc_nano.a(libc_a-nano-vfscanf_i.o)
 .rodata._vfprintf_r.str1.1
                0x0800b9a8       0x11 C:/ST/STM32CubeIDE_1.18.0/STM32CubeIDE/plugins/com.st.stm32cube.ide.mcu.externaltools.gnu-tools-for-stm32.13.3.rel1.win32_1.0.0.202411081344/tools/bin/../lib/gcc/arm-none-eabi/13.3.1/../../../../arm-none-eabi/lib/thumb/v7e-m/nofp\libc_nano.a(libc_a-nano-vfprintf.o)
                0x0800b9cc                        . = ALIGN (0x4)

.ARM.extab      0x0800b9a8        0x0
                0x0800b9a8                        . = ALIGN (0x4)
 *(.ARM.extab* .gnu.linkonce.armextab.*)
                0x0800b9a8                        . = ALIGN (0x4)

.ARM            0x0800b9a8        0x8
                0x0800b9a8                        . = ALIGN (0x4)
                0x0800b9a8                        __exidx_start = .
 *(.ARM.exidx*)
 .ARM.exidx     0x0800b9a8        0x8 C:/ST/STM32CubeIDE_1.18.0/STM32CubeIDE/plugins/com.st.stm32cube.ide.mcu.externaltools.gnu-tools-for-stm32.13.3.rel1.win32_1.0.0.202411081344/tools/bin/../lib/gcc/arm-none-eabi/13.3.1/../../../../arm-none-eabi/lib/thumb/v7e-m/nofp\libc_nano.a(libc_a-strlen.o)
 .ARM.exidx     0x0800b9b0        0x0 C:/ST/STM32CubeIDE_1.18.0/STM32CubeIDE/plugins/com.st.stm32cube.ide.mcu.externaltools.gnu-tools-for-stm32.13.3.rel1.win32_1.0.0.202411081344/tools/bin/../lib/gcc/arm-none-eabi/13.3.1/../../../../arm-none-eabi/lib/thumb/v7e-m/nofp\libc_nano.a(libc_a-memchr.o)
                                  0x8 (size before relaxing)
                0x0800b9b0                        __exidx_end = .
                0x0800b9b0                        . = ALIGN (0x4)

.preinit_array  0x0800b9b0        0x0
                0x0800b9b0                        . = ALIGN (0x4)
                0x0800b9b0                        PROVIDE (__preinit_array_start = .)
 *(.preinit_array*)
                0x0800b9b0                        PROVIDE (__preinit_array_end = .)
                0x0800b9b0                        . = ALIGN (0x4)

.init_array     0x0800b9b0        0x4
                0x0800b9b0                        . = ALIGN (0x4)
                0x0800b9b0                        PROVIDE (__init_array_start = .)
 *(SORT_BY_NAME(.init_array.*))
 *(.init_array*)
 .init_array    0x0800b9b0        0x4 C:/ST/STM32CubeIDE_1.18.0/STM32CubeIDE/plugins/com.st.stm32cube.ide.mcu.externaltools.gnu-tools-for-stm32.13.3.rel1.win32_1.0.0.202411081344/tools/bin/../lib/gcc/arm-none-eabi/13.3.1/thumb/v7e-m/nofp/crtbegin.o
                0x0800b9b4                        PROVIDE (__init_array_end = .)
                0x0800b9b4                        . = ALIGN (0x4)

.fini_array     0x0800b9b4        0x4
                0x0800b9b4                        . = ALIGN (0x4)
                [!provide]                        PROVIDE (__fini_array_start = .)
 *(SORT_BY_NAME(.fini_array.*))
 *(.fini_array*)
 .fini_array    0x0800b9b4        0x4 C:/ST/STM32CubeIDE_1.18.0/STM32CubeIDE/plugins/com.st.stm32cube.ide.mcu.externaltools.gnu-tools-for-stm32.13.3.rel1.win32_1.0.0.202411081344/tools/bin/../lib/gcc/arm-none-eabi/13.3.1/thumb/v7e-m/nofp/crtbegin.o