../Drivers/STM32WLxx_HAL_Driver/Inc/stm32wlxx_ll_rcc.h:968:22:LL_RCC_HSE_EnableTcxo	4	static
../Drivers/STM32WLxx_HAL_Driver/Inc/stm32wlxx_ll_rcc.h:1039:22:LL_RCC_HSE_Enable	4	static
../Drivers/STM32WLxx_HAL_Driver/Inc/stm32wlxx_ll_rcc.h:1059:26:LL_RCC_HSE_IsReady	4	static
../Drivers/STM32WLxx_HAL_Driver/Inc/stm32wlxx_ll_bus.h:449:22:LL_AHB2_GRP1_EnableClock	24	static
../Drivers/STM32WLxx_HAL_Driver/Inc/stm32wlxx_ll_bus.h:914:22:LL_APB1_GRP1_EnableClock	24	static
../Drivers/STM32WLxx_HAL_Driver/Inc/stm32wlxx_ll_bus.h:1018:22:LL_APB1_GRP1_DisableClock	16	static
../Drivers/STM32WLxx_HAL_Driver/Inc/stm32wlxx_ll_bus.h:1303:22:LL_APB2_GRP1_EnableClock	24	static
../Drivers/STM32WLxx_HAL_Driver/Inc/stm32wlxx_ll_bus.h:1351:22:LL_APB2_GRP1_DisableClock	16	static
../Drivers/STM32WLxx_HAL_Driver/Inc/stm32wlxx_ll_bus.h:1488:22:LL_APB3_GRP1_EnableClock	24	static
../Drivers/STM32WLxx_HAL_Driver/Inc/stm32wlxx_ll_bus.h:1516:22:LL_APB3_GRP1_DisableClock	16	static
../Core/Src/stm32wlxx_hal_msp.c:73:6:HAL_MspInit	4	static
../Core/Src/stm32wlxx_hal_msp.c:95:6:HAL_UART_MspInit	96	static
../Core/Src/stm32wlxx_hal_msp.c:151:6:HAL_UART_MspDeInit	16	static
../Core/Src/stm32wlxx_hal_msp.c:181:6:HAL_I2C_MspInit	96	static
../Core/Src/stm32wlxx_hal_msp.c:230:6:HAL_I2C_MspDeInit	16	static
../Core/Src/stm32wlxx_hal_msp.c:264:6:HAL_SUBGHZ_MspInit	16	static
../Core/Src/stm32wlxx_hal_msp.c:288:6:HAL_SUBGHZ_MspDeInit	16	static
