../Src/M20071_GPS.c:3:6:M20071_GPS_Init	16	static
../Src/M20071_GPS.c:15:19:M20071_GPS_SendCommand	24	static
../Src/M20071_GPS.c:41:6:addChecksum	32	static
../Src/M20071_GPS.c:58:6:GPS_powerOn	56	static
../Src/M20071_GPS.c:73:6:GPS_powerOff	56	static
../Src/M20071_GPS.c:88:6:GPS_systemReboot	56	static
../Src/M20071_GPS.c:105:6:GPS_setNMEARate	56	static
../Src/M20071_GPS.c:126:6:GPS_setPeriodicMode	80	static
../Src/M20071_GPS.c:147:6:GPS_enterRTC	56	static
../Src/M20071_GPS.c:164:6:GPS_openIOPort	56	static
../Src/M20071_GPS.c:181:6:GPS_closeIOPort	56	static
../Src/M20071_GPS.c:197:6:GPS_testIOPort	56	static
../Src/M20071_GPS.c:212:19:M20071_GPS_Receive	24	static
../Src/M20071_GPS.c:246:6:validateChecksum	32	static
../Src/M20071_GPS.c:274:5:GPS_Parse	24	static
../Src/M20071_GPS.c:302:6:GPS_ParseNMEA	24	static
../Src/M20071_GPS.c:341:6:isEmpty	16	static
../Src/M20071_GPS.c:353:6:parseTime	24	static
../Src/M20071_GPS.c:371:6:parseFix	16	static
../Src/M20071_GPS.c:392:6:parseLatLon	48	static
../Src/M20071_GPS.c:418:6:GPS_FormatData	24	static
